Jan 29 09:10:46 cu-cs-vm rsyslogd: [origin software="rsyslogd" swVersion="8.16.0" x-pid="797" x-info="http://www.rsyslog.com"] rsyslogd was HUPed
Jan 29 09:10:52 cu-cs-vm anacron[757]: Job `cron.daily' terminated
Jan 29 09:10:52 cu-cs-vm anacron[757]: Normal exit (1 job run)
Jan 29 09:15:44 cu-cs-vm systemd[1]: Reloading.
Jan 29 09:15:44 cu-cs-vm systemd[1]: Started ACPI event daemon.
Jan 29 09:15:44 cu-cs-vm systemd[1]: Started CUPS Scheduler.
Jan 29 09:15:45 cu-cs-vm uptimed: moving up to position 8: 0 days, 00:10:06
Jan 29 09:15:46 cu-cs-vm systemd[1]: Reloading.
Jan 29 09:15:46 cu-cs-vm systemd[1]: Started ACPI event daemon.
Jan 29 09:15:46 cu-cs-vm systemd[1]: Started CUPS Scheduler.
Jan 29 09:15:46 cu-cs-vm systemd[1]: Reloading.
Jan 29 09:15:46 cu-cs-vm systemd[1]: Started ACPI event daemon.
Jan 29 09:15:46 cu-cs-vm systemd[1]: Started CUPS Scheduler.
Jan 29 09:15:46 cu-cs-vm systemd[1]: Reloading.
Jan 29 09:15:46 cu-cs-vm systemd[1]: Started ACPI event daemon.
Jan 29 09:15:46 cu-cs-vm systemd[1]: Started CUPS Scheduler.
Jan 29 09:15:46 cu-cs-vm systemd[1]: Starting PostgreSQL RDBMS...
Jan 29 09:15:46 cu-cs-vm systemd[1]: Started PostgreSQL RDBMS.
Jan 29 09:15:48 cu-cs-vm systemd[1]: Reloading.
Jan 29 09:15:48 cu-cs-vm systemd[1]: Started ACPI event daemon.
Jan 29 09:15:48 cu-cs-vm systemd[1]: Started CUPS Scheduler.
Jan 29 09:15:48 cu-cs-vm systemd[1]: Reloading.
Jan 29 09:15:48 cu-cs-vm systemd[1]: Started ACPI event daemon.
Jan 29 09:15:48 cu-cs-vm systemd[1]: Started CUPS Scheduler.
Jan 29 09:15:48 cu-cs-vm systemd[1]: Reloading.
Jan 29 09:15:48 cu-cs-vm systemd[1]: Started ACPI event daemon.
Jan 29 09:15:48 cu-cs-vm systemd[1]: Started CUPS Scheduler.
Jan 29 09:15:48 cu-cs-vm systemd[1]: Created slice system-postgresql.slice.
Jan 29 09:15:48 cu-cs-vm systemd[1]: Starting PostgreSQL Cluster 9.5-main...
Jan 29 09:15:50 cu-cs-vm systemd[1]: Started PostgreSQL Cluster 9.5-main.
Jan 29 09:15:50 cu-cs-vm systemd[1]: Started PostgreSQL RDBMS.
Jan 29 09:15:51 cu-cs-vm systemd[1]: Reloading.
Jan 29 09:15:51 cu-cs-vm systemd[1]: Started ACPI event daemon.
Jan 29 09:15:51 cu-cs-vm systemd[1]: Started CUPS Scheduler.
Jan 29 09:15:51 cu-cs-vm systemd[1]: Reloading.
Jan 29 09:15:51 cu-cs-vm systemd[1]: Started ACPI event daemon.
Jan 29 09:15:51 cu-cs-vm systemd[1]: Started CUPS Scheduler.
Jan 29 09:16:17 cu-cs-vm systemd[1]: Started PostgreSQL RDBMS.
Jan 29 09:17:01 cu-cs-vm CRON[4746]: (root) CMD (   cd / && run-parts --report /etc/cron.hourly)
Jan 29 09:19:49 cu-cs-vm dhclient[938]: DHCPREQUEST of 172.16.22.128 on ens33 to 172.16.22.254 port 67 (xid=0x3db02b68)
Jan 29 09:19:49 cu-cs-vm dhclient[938]: DHCPACK of 172.16.22.128 from 172.16.22.254
Jan 29 09:19:49 cu-cs-vm NetworkManager[826]: <info>  [1580314789.4757]   address 172.16.22.128
Jan 29 09:19:49 cu-cs-vm NetworkManager[826]: <info>  [1580314789.4761]   plen 24 (255.255.255.0)
Jan 29 09:19:49 cu-cs-vm NetworkManager[826]: <info>  [1580314789.4765]   gateway 172.16.22.2
Jan 29 09:19:49 cu-cs-vm NetworkManager[826]: <info>  [1580314789.4767]   server identifier 172.16.22.254
Jan 29 09:19:49 cu-cs-vm NetworkManager[826]: <info>  [1580314789.4769]   lease time 1800
Jan 29 09:19:49 cu-cs-vm NetworkManager[826]: <info>  [1580314789.4771]   nameserver '172.16.22.2'
Jan 29 09:19:49 cu-cs-vm NetworkManager[826]: <info>  [1580314789.4774]   domain name 'localdomain'
Jan 29 09:19:49 cu-cs-vm NetworkManager[826]: <info>  [1580314789.4777]   wins '172.16.22.2'
Jan 29 09:19:49 cu-cs-vm NetworkManager[826]: <info>  [1580314789.4779] dhcp4 (ens33): state changed bound -> bound
Jan 29 09:19:49 cu-cs-vm dbus[800]: [system] Activating via systemd: service name='org.freedesktop.nm_dispatcher' unit='dbus-org.freedesktop.nm-dispatcher.service'
Jan 29 09:19:49 cu-cs-vm systemd[1]: Starting Network Manager Script Dispatcher Service...
Jan 29 09:19:49 cu-cs-vm dhclient[938]: bound to 172.16.22.128 -- renewal in 847 seconds.
Jan 29 09:19:49 cu-cs-vm dbus[800]: [system] Successfully activated service 'org.freedesktop.nm_dispatcher'
Jan 29 09:19:49 cu-cs-vm nm-dispatcher: req:1 'dhcp4-change' [ens33]: new request (1 scripts)
Jan 29 09:19:49 cu-cs-vm nm-dispatcher: req:1 'dhcp4-change' [ens33]: start running ordered scripts...
Jan 29 09:19:49 cu-cs-vm systemd[1]: Started Network Manager Script Dispatcher Service.
Jan 29 09:20:55 cu-cs-vm systemd[1]: Starting Cleanup of Temporary Directories...
Jan 29 09:20:55 cu-cs-vm systemd-tmpfiles[6937]: [/usr/lib/tmpfiles.d/var.conf:14] Duplicate line for path "/var/log", ignoring.
Jan 29 09:20:55 cu-cs-vm systemd[1]: Started Cleanup of Temporary Directories.
Jan 29 09:25:01 cu-cs-vm CRON[8374]: (root) CMD (command -v debian-sa1 > /dev/null && debian-sa1 1 1)
Jan 29 09:28:31 cu-cs-vm NetworkManager[826]: <info>  [1580315311.4234] manager: disable requested (sleeping: no  enabled: yes)
Jan 29 09:28:31 cu-cs-vm NetworkManager[826]: <info>  [1580315311.4235] manager: disabling...
Jan 29 09:28:31 cu-cs-vm NetworkManager[826]: <info>  [1580315311.4237] manager: NetworkManager state is now ASLEEP
Jan 29 09:28:31 cu-cs-vm NetworkManager[826]: <info>  [1580315311.4239] audit: op="networking-control" arg="off" pid=8461 uid=0 result="success"
Jan 29 09:28:31 cu-cs-vm NetworkManager[826]: <info>  [1580315311.4242] device (ens33): state change: activated -> deactivating (reason 'sleeping') [100 110 37]
Jan 29 09:28:31 cu-cs-vm whoopsie[1288]: [09:28:31] offline
Jan 29 09:28:31 cu-cs-vm NetworkManager[826]: <info>  [1580315311.4288] device (ens33): state change: deactivating -> disconnected (reason 'sleeping') [110 30 37]
Jan 29 09:28:31 cu-cs-vm avahi-daemon[762]: Withdrawing address record for fe80::d683:e867:8af3:360c on ens33.
Jan 29 09:28:31 cu-cs-vm avahi-daemon[762]: Leaving mDNS multicast group on interface ens33.IPv6 with address fe80::d683:e867:8af3:360c.
Jan 29 09:28:31 cu-cs-vm avahi-daemon[762]: Interface ens33.IPv6 no longer relevant for mDNS.
Jan 29 10:59:40 cu-cs-vm systemd[1043]: Time has been changed
Jan 29 10:59:41 cu-cs-vm kernel: [ 1370.963796] e1000: ens33 NIC Link is Down
Jan 29 10:59:41 cu-cs-vm systemd[1]: Time has been changed
Jan 29 10:59:41 cu-cs-vm NetworkManager[826]: <info>  [1580320781.0767] dhcp4 (ens33): canceled DHCP transaction, DHCP client pid 938
Jan 29 10:59:41 cu-cs-vm NetworkManager[826]: <info>  [1580320781.0921] dhcp4 (ens33): state changed bound -> done
Jan 29 10:59:41 cu-cs-vm kernel: [ 1371.164074] usb 1-1: reset high-speed USB device number 2 using ehci-pci
Jan 29 10:59:41 cu-cs-vm avahi-daemon[762]: Withdrawing address record for 172.16.22.128 on ens33.
Jan 29 10:59:41 cu-cs-vm avahi-daemon[762]: Leaving mDNS multicast group on interface ens33.IPv4 with address 172.16.22.128.
Jan 29 10:59:41 cu-cs-vm avahi-daemon[762]: Interface ens33.IPv4 no longer relevant for mDNS.
Jan 29 10:59:41 cu-cs-vm NetworkManager[826]: <info>  [1580320781.2905] dns-mgr: Writing DNS information to /sbin/resolvconf
Jan 29 10:59:41 cu-cs-vm dnsmasq[961]: setting upstream servers from DBus
Jan 29 10:59:42 cu-cs-vm dbus[800]: [system] Activating via systemd: service name='org.freedesktop.nm_dispatcher' unit='dbus-org.freedesktop.nm-dispatcher.service'
Jan 29 10:59:42 cu-cs-vm NetworkManager[826]: <info>  [1580320782.1448] device (ens33): link disconnected
Jan 29 10:59:42 cu-cs-vm NetworkManager[826]: <warn>  [1580320782.1544] device (ens33): overwriting previously queued state change to unmanaged (sleeping)
Jan 29 10:59:42 cu-cs-vm NetworkManager[826]: <info>  [1580320782.1602] device (ens33): state change: disconnected -> unavailable (reason 'carrier-changed') [30 20 40]
Jan 29 10:59:42 cu-cs-vm NetworkManager[826]: <info>  [1580320782.1848] manager: enable requested (sleeping: no  enabled: no)
Jan 29 10:59:42 cu-cs-vm NetworkManager[826]: <info>  [1580320782.1849] manager: re-enabling...
Jan 29 10:59:42 cu-cs-vm NetworkManager[826]: <info>  [1580320782.1850] manager: NetworkManager state is now DISCONNECTED
Jan 29 10:59:42 cu-cs-vm NetworkManager[826]: <info>  [1580320782.1853] audit: op="networking-control" arg="on" pid=8525 uid=0 result="success"
Jan 29 10:59:42 cu-cs-vm systemd[1]: Starting Network Manager Script Dispatcher Service...
Jan 29 10:59:42 cu-cs-vm dbus[800]: [system] Successfully activated service 'org.freedesktop.nm_dispatcher'
Jan 29 10:59:42 cu-cs-vm systemd[1]: Started Network Manager Script Dispatcher Service.
Jan 29 10:59:42 cu-cs-vm nm-dispatcher: req:1 'down' [ens33]: new request (1 scripts)
Jan 29 10:59:42 cu-cs-vm nm-dispatcher: req:1 'down' [ens33]: start running ordered scripts...
Jan 29 10:59:43 cu-cs-vm kernel: [ 1372.979516] e1000: ens33 NIC Link is Up 1000 Mbps Full Duplex, Flow Control: None
Jan 29 10:59:43 cu-cs-vm NetworkManager[826]: <info>  [1580320783.0307] device (ens33): link connected
Jan 29 10:59:43 cu-cs-vm NetworkManager[826]: <info>  [1580320783.0323] device (ens33): state change: unavailable -> disconnected (reason 'carrier-changed') [20 30 40]
Jan 29 10:59:43 cu-cs-vm NetworkManager[826]: <info>  [1580320783.0395] device (ens33): state change: disconnected -> unmanaged (reason 'sleeping') [30 10 37]
Jan 29 10:59:43 cu-cs-vm NetworkManager[826]: <info>  [1580320783.1290] device (ens33): link disconnected
Jan 29 10:59:45 cu-cs-vm systemd[1]: Stopping Service for virtual machines hosted on VMware...
Jan 29 10:59:45 cu-cs-vm systemd[1]: Stopped target Timers.
Jan 29 10:59:45 cu-cs-vm systemd[1]: Stopped Daily Cleanup of Temporary Directories.
Jan 29 10:59:45 cu-cs-vm systemd[1]: Stopping Authentication service for virtual machines hosted on VMware...
Jan 29 10:59:45 cu-cs-vm VGAuthService[767]: ** Message: Processing SIGTERM; service exiting
Jan 29 10:59:45 cu-cs-vm VGAuthService[767]: ** Message: ServiceEndMainLoop: about to stop main loop
Jan 29 10:59:45 cu-cs-vm systemd[1]: Stopping Authenticate and Authorize Users to Run Privileged Tasks...
Jan 29 10:59:45 cu-cs-vm systemd[1]: Stopping ACPI event daemon...
Jan 29 10:59:45 cu-cs-vm systemd[1]: Stopped Daily apt upgrade and clean activities.
Jan 29 10:59:45 cu-cs-vm systemd[1]: Stopping RealtimeKit Scheduling Policy Service...
Jan 29 10:59:45 cu-cs-vm systemd[1]: Stopping Daemon for generating UUIDs...
Jan 29 10:59:45 cu-cs-vm systemd[1]: Stopping Daemon for power management...
Jan 29 10:59:45 cu-cs-vm systemd[1]: Closed Load/Save RF Kill Switch Status /dev/rfkill Watch.
Jan 29 10:59:45 cu-cs-vm systemd[1]: Stopped Message of the Day.
Jan 29 10:59:45 cu-cs-vm systemd[1]: Stopped target Graphical Interface.
Jan 29 10:59:45 cu-cs-vm org.a11y.atspi.Registry[1185]: XIO:  fatal IO error 11 (Resource temporarily unavailable) on X server ":0"
Jan 29 10:59:45 cu-cs-vm org.a11y.atspi.Registry[1185]:       after 639 requests (639 known processed) with 0 events remaining.
Jan 29 10:59:45 cu-cs-vm systemd[1]: Stopping Light Display Manager...
Jan 29 10:59:45 cu-cs-vm systemd[1]: Stopped target Multi-User System.
Jan 29 10:59:45 cu-cs-vm systemd[1]: Stopped target Login Prompts.
Jan 29 10:59:45 cu-cs-vm systemd[1]: Stopping crash report submission daemon...
Jan 29 10:59:45 cu-cs-vm systemd[1]: Stopping LSB: Record successful boot for GRUB...
Jan 29 10:59:45 cu-cs-vm systemd[1]: Stopping Make remote CUPS printers available locally...
Jan 29 10:59:45 cu-cs-vm systemd[1]: Stopping Regular background program processing daemon...
Jan 29 10:59:45 cu-cs-vm whoopsie[1288]: [10:59:45] Cannot reach: https://daisy.ubuntu.com
Jan 29 10:59:45 cu-cs-vm systemd[1]: Stopping LSB: Speech Dispatcher...
Jan 29 10:59:45 cu-cs-vm dbus[800]: [system] Activating via systemd: service name='org.freedesktop.PolicyKit1' unit='polkitd.service'
Jan 29 10:59:45 cu-cs-vm VGAuthService[767]: ** Message: END SERVICE
Jan 29 10:59:45 cu-cs-vm systemd[1]: Stopped Initialize hardware monitoring sensors.
Jan 29 10:59:45 cu-cs-vm systemd[1]: Stopping LSB: disk temperature monitoring daemon...
Jan 29 10:59:45 cu-cs-vm obexd[1699]: Terminating
Jan 29 10:59:45 cu-cs-vm systemd[1]: Stopped PostgreSQL RDBMS.
Jan 29 10:59:45 cu-cs-vm rsyslogd: [origin software="rsyslogd" swVersion="8.16.0" x-pid="797" x-info="http://www.rsyslog.com"] exiting on signal 15.
Jan 29 11:00:35 cu-cs-vm rsyslogd: [origin software="rsyslogd" swVersion="8.16.0" x-pid="814" x-info="http://www.rsyslog.com"] start
Jan 29 11:00:35 cu-cs-vm rsyslogd-2222: command 'KLogPermitNonKernelFacility' is currently not permitted - did you already set it via a RainerScript command (v6+ config)? [v8.16.0 try http://www.rsyslog.com/e/2222 ]
Jan 29 11:00:35 cu-cs-vm rsyslogd: rsyslogd's groupid changed to 108
Jan 29 11:00:35 cu-cs-vm rsyslogd: rsyslogd's userid changed to 104
Jan 29 11:00:35 cu-cs-vm systemd-modules-load[345]: Inserted module 'lp'
Jan 29 11:00:35 cu-cs-vm loadkeys[336]: Loading /etc/console-setup/cached.kmap.gz
Jan 29 11:00:35 cu-cs-vm systemd-modules-load[345]: Inserted module 'ppdev'
Jan 29 11:00:35 cu-cs-vm systemd-modules-load[345]: Inserted module 'parport_pc'
Jan 29 11:00:35 cu-cs-vm systemd-modules-load[345]: Module 'fuse' is builtin
Jan 29 11:00:35 cu-cs-vm kernel: [    0.000000] Linux version 4.15.18Revision3 (root@cu-cs-vm) (gcc version 5.4.0 20160609 (Ubuntu 5.4.0-6ubuntu1~16.04.12)) #4 SMP Tue Jan 28 19:45:32 MST 2020 (Ubuntu 4.15.0-33.36~16.04.1-generic 4.15.18)
Jan 29 11:00:35 cu-cs-vm kernel: [    0.000000] Command line: BOOT_IMAGE=/boot/vmlinuz-4.15.18Revision3 root=UUID=a7adc8c1-e02a-478b-93ad-c06e060e0176 ro
Jan 29 11:00:35 cu-cs-vm kernel: [    0.000000] KERNEL supported cpus:
Jan 29 11:00:35 cu-cs-vm kernel: [    0.000000]   Intel GenuineIntel
Jan 29 11:00:35 cu-cs-vm kernel: [    0.000000]   AMD AuthenticAMD
Jan 29 11:00:35 cu-cs-vm kernel: [    0.000000]   Centaur CentaurHauls
Jan 29 11:00:35 cu-cs-vm kernel: [    0.000000] Disabled fast string operations
Jan 29 11:00:35 cu-cs-vm kernel: [    0.000000] x86/fpu: Supporting XSAVE feature 0x001: 'x87 floating point registers'
Jan 29 11:00:35 cu-cs-vm kernel: [    0.000000] x86/fpu: Supporting XSAVE feature 0x002: 'SSE registers'
Jan 29 11:00:35 cu-cs-vm kernel: [    0.000000] x86/fpu: Supporting XSAVE feature 0x004: 'AVX registers'
Jan 29 11:00:35 cu-cs-vm kernel: [    0.000000] x86/fpu: xstate_offset[2]:  576, xstate_sizes[2]:  256
Jan 29 11:00:35 cu-cs-vm kernel: [    0.000000] x86/fpu: Enabled xstate features 0x7, context size is 832 bytes, using 'standard' format.
Jan 29 11:00:35 cu-cs-vm kernel: [    0.000000] e820: BIOS-provided physical RAM map:
Jan 29 11:00:35 cu-cs-vm kernel: [    0.000000] BIOS-e820: [mem 0x0000000000000000-0x000000000009e7ff] usable
Jan 29 11:00:35 cu-cs-vm kernel: [    0.000000] BIOS-e820: [mem 0x000000000009e800-0x000000000009ffff] reserved
Jan 29 11:00:35 cu-cs-vm kernel: [    0.000000] BIOS-e820: [mem 0x00000000000dc000-0x00000000000fffff] reserved
Jan 29 11:00:35 cu-cs-vm kernel: [    0.000000] BIOS-e820: [mem 0x0000000000100000-0x000000007fedffff] usable
Jan 29 11:00:35 cu-cs-vm kernel: [    0.000000] BIOS-e820: [mem 0x000000007fee0000-0x000000007fefefff] ACPI data
Jan 29 11:00:35 cu-cs-vm kernel: [    0.000000] BIOS-e820: [mem 0x000000007feff000-0x000000007fefffff] ACPI NVS
Jan 29 11:00:35 cu-cs-vm kernel: [    0.000000] BIOS-e820: [mem 0x000000007ff00000-0x000000007fffffff] usable
Jan 29 11:00:35 cu-cs-vm kernel: [    0.000000] BIOS-e820: [mem 0x00000000f0000000-0x00000000f7ffffff] reserved
Jan 29 11:00:35 cu-cs-vm kernel: [    0.000000] BIOS-e820: [mem 0x00000000fec00000-0x00000000fec0ffff] reserved
Jan 29 11:00:35 cu-cs-vm kernel: [    0.000000] BIOS-e820: [mem 0x00000000fee00000-0x00000000fee00fff] reserved
Jan 29 11:00:35 cu-cs-vm kernel: [    0.000000] BIOS-e820: [mem 0x00000000fffe0000-0x00000000ffffffff] reserved
Jan 29 11:00:35 cu-cs-vm kernel: [    0.000000] NX (Execute Disable) protection: active
Jan 29 11:00:35 cu-cs-vm kernel: [    0.000000] SMBIOS 2.7 present.
Jan 29 11:00:35 cu-cs-vm kernel: [    0.000000] DMI: VMware, Inc. VMware Virtual Platform/440BX Desktop Reference Platform, BIOS 6.00 07/29/2019
Jan 29 11:00:35 cu-cs-vm kernel: [    0.000000] Hypervisor detected: VMware
Jan 29 11:00:35 cu-cs-vm kernel: [    0.000000] vmware: TSC freq read from hypervisor : 2699.896 MHz
Jan 29 11:00:35 cu-cs-vm kernel: [    0.000000] vmware: Host bus clock speed read from hypervisor : 66000000 Hz
Jan 29 11:00:35 cu-cs-vm kernel: [    0.000000] vmware: using sched offset of 27913601682 ns
Jan 29 11:00:35 cu-cs-vm kernel: [    0.000000] e820: update [mem 0x00000000-0x00000fff] usable ==> reserved
Jan 29 11:00:35 cu-cs-vm kernel: [    0.000000] e820: remove [mem 0x000a0000-0x000fffff] usable
Jan 29 11:00:35 cu-cs-vm kernel: [    0.000000] e820: last_pfn = 0x80000 max_arch_pfn = 0x400000000
Jan 29 11:00:35 cu-cs-vm kernel: [    0.000000] MTRR default type: uncachable
Jan 29 11:00:35 cu-cs-vm kernel: [    0.000000] MTRR fixed ranges enabled:
Jan 29 11:00:35 cu-cs-vm kernel: [    0.000000]   00000-9FFFF write-back
Jan 29 11:00:35 cu-cs-vm kernel: [    0.000000]   A0000-BFFFF uncachable
Jan 29 11:00:35 cu-cs-vm kernel: [    0.000000]   C0000-C7FFF write-protect
Jan 29 11:00:35 cu-cs-vm kernel: [    0.000000]   C8000-CBFFF write-back
Jan 29 11:00:35 cu-cs-vm kernel: [    0.000000]   CC000-EFFFF uncachable
Jan 29 11:00:35 cu-cs-vm kernel: [    0.000000]   F0000-FFFFF write-protect
Jan 29 11:00:35 cu-cs-vm kernel: [    0.000000] MTRR variable ranges enabled:
Jan 29 11:00:35 cu-cs-vm kernel: [    0.000000]   0 base 00000000000 mask 7FF00000000 write-back
Jan 29 11:00:35 cu-cs-vm kernel: [    0.000000]   1 base 000C0000000 mask 7FFC0000000 uncachable
Jan 29 11:00:35 cu-cs-vm kernel: [    0.000000]   2 disabled
Jan 29 11:00:35 cu-cs-vm kernel: [    0.000000]   3 disabled
Jan 29 11:00:35 cu-cs-vm kernel: [    0.000000]   4 disabled
Jan 29 11:00:35 cu-cs-vm kernel: [    0.000000]   5 disabled
Jan 29 11:00:35 cu-cs-vm kernel: [    0.000000]   6 disabled
Jan 29 11:00:35 cu-cs-vm kernel: [    0.000000]   7 disabled
Jan 29 11:00:35 cu-cs-vm kernel: [    0.000000] x86/PAT: Configuration [0-7]: WB  WC  UC- UC  WB  WP  UC- WT  
Jan 29 11:00:35 cu-cs-vm kernel: [    0.000000] total RAM covered: 3072M
Jan 29 11:00:35 cu-cs-vm kernel: [    0.000000] Found optimal setting for mtrr clean up
Jan 29 11:00:35 cu-cs-vm kernel: [    0.000000]  gran_size: 64K 	chunk_size: 64K 	num_reg: 2  	lose cover RAM: 0G
Jan 29 11:00:35 cu-cs-vm kernel: [    0.000000] found SMP MP-table at [mem 0x000f6a70-0x000f6a7f]
Jan 29 11:00:35 cu-cs-vm kernel: [    0.000000] Scanning 1 areas for low memory corruption
Jan 29 11:00:35 cu-cs-vm kernel: [    0.000000] Using GB pages for direct mapping
Jan 29 11:00:35 cu-cs-vm kernel: [    0.000000] BRK [0x78b8f000, 0x78b8ffff] PGTABLE
Jan 29 11:00:35 cu-cs-vm kernel: [    0.000000] BRK [0x78b90000, 0x78b90fff] PGTABLE
Jan 29 11:00:35 cu-cs-vm kernel: [    0.000000] BRK [0x78b91000, 0x78b91fff] PGTABLE
Jan 29 11:00:35 cu-cs-vm kernel: [    0.000000] BRK [0x78b92000, 0x78b92fff] PGTABLE
Jan 29 11:00:35 cu-cs-vm kernel: [    0.000000] BRK [0x78b93000, 0x78b93fff] PGTABLE
Jan 29 11:00:35 cu-cs-vm kernel: [    0.000000] BRK [0x78b94000, 0x78b94fff] PGTABLE
Jan 29 11:00:35 cu-cs-vm kernel: [    0.000000] RAMDISK: [mem 0x1ce45000-0x37feffff]
Jan 29 11:00:35 cu-cs-vm kernel: [    0.000000] ACPI: Early table checksum verification disabled
Jan 29 11:00:35 cu-cs-vm kernel: [    0.000000] ACPI: RSDP 0x00000000000F6A00 000024 (v02 PTLTD )
Jan 29 11:00:35 cu-cs-vm kernel: [    0.000000] ACPI: XSDT 0x000000007FEE969F 000054 (v01 INTEL  440BX    06040000 VMW  01324272)
Jan 29 11:00:35 cu-cs-vm kernel: [    0.000000] ACPI: FACP 0x000000007FEFEE73 0000F4 (v04 INTEL  440BX    06040000 PTL  000F4240)
Jan 29 11:00:35 cu-cs-vm kernel: [    0.000000] ACPI: DSDT 0x000000007FEEAD55 01411E (v01 PTLTD  Custom   06040000 MSFT 03000001)
Jan 29 11:00:35 cu-cs-vm kernel: [    0.000000] ACPI: FACS 0x000000007FEFFFC0 000040
Jan 29 11:00:35 cu-cs-vm kernel: [    0.000000] ACPI: FACS 0x000000007FEFFFC0 000040
Jan 29 11:00:35 cu-cs-vm kernel: [    0.000000] ACPI: BOOT 0x000000007FEEAD2D 000028 (v01 PTLTD  $SBFTBL$ 06040000  LTP 00000001)
Jan 29 11:00:35 cu-cs-vm kernel: [    0.000000] ACPI: APIC 0x000000007FEEA5EB 000742 (v01 PTLTD  ? APIC   06040000  LTP 00000000)
Jan 29 11:00:35 cu-cs-vm kernel: [    0.000000] ACPI: MCFG 0x000000007FEEA5AF 00003C (v01 PTLTD  $PCITBL$ 06040000  LTP 00000001)
Jan 29 11:00:35 cu-cs-vm kernel: [    0.000000] ACPI: SRAT 0x000000007FEE9757 0008A8 (v02 VMWARE MEMPLUG  06040000 VMW  00000001)
Jan 29 11:00:35 cu-cs-vm kernel: [    0.000000] ACPI: WAET 0x000000007FEE972F 000028 (v01 VMWARE VMW WAET 06040000 VMW  00000001)
Jan 29 11:00:35 cu-cs-vm kernel: [    0.000000] ACPI: Local APIC address 0xfee00000
Jan 29 11:00:35 cu-cs-vm kernel: [    0.000000] system APIC only can use physical flat
Jan 29 11:00:35 cu-cs-vm kernel: [    0.000000] Setting APIC routing to physical flat.
Jan 29 11:00:35 cu-cs-vm kernel: [    0.000000] SRAT: PXM 0 -> APIC 0x00 -> Node 0
Jan 29 11:00:35 cu-cs-vm kernel: [    0.000000] SRAT: PXM 0 -> APIC 0x02 -> Node 0
Jan 29 11:00:35 cu-cs-vm kernel: [    0.000000] SRAT: PXM 0 -> APIC 0x04 -> Node 0
Jan 29 11:00:35 cu-cs-vm kernel: [    0.000000] SRAT: PXM 0 -> APIC 0x06 -> Node 0
Jan 29 11:00:35 cu-cs-vm kernel: [    0.000000] SRAT: PXM 0 -> APIC 0x08 -> Node 0
Jan 29 11:00:35 cu-cs-vm kernel: [    0.000000] SRAT: PXM 0 -> APIC 0x0a -> Node 0
Jan 29 11:00:35 cu-cs-vm kernel: [    0.000000] SRAT: PXM 0 -> APIC 0x0c -> Node 0
Jan 29 11:00:35 cu-cs-vm kernel: [    0.000000] SRAT: PXM 0 -> APIC 0x0e -> Node 0
Jan 29 11:00:35 cu-cs-vm kernel: [    0.000000] SRAT: PXM 0 -> APIC 0x10 -> Node 0
Jan 29 11:00:35 cu-cs-vm kernel: [    0.000000] SRAT: PXM 0 -> APIC 0x12 -> Node 0
Jan 29 11:00:35 cu-cs-vm kernel: [    0.000000] SRAT: PXM 0 -> APIC 0x14 -> Node 0
Jan 29 11:00:35 cu-cs-vm kernel: [    0.000000] SRAT: PXM 0 -> APIC 0x16 -> Node 0
Jan 29 11:00:35 cu-cs-vm kernel: [    0.000000] SRAT: PXM 0 -> APIC 0x18 -> Node 0
Jan 29 11:00:35 cu-cs-vm kernel: [    0.000000] SRAT: PXM 0 -> APIC 0x1a -> Node 0
Jan 29 11:00:35 cu-cs-vm kernel: [    0.000000] SRAT: PXM 0 -> APIC 0x1c -> Node 0
Jan 29 11:00:35 cu-cs-vm kernel: [    0.000000] SRAT: PXM 0 -> APIC 0x1e -> Node 0
Jan 29 11:00:35 cu-cs-vm kernel: [    0.000000] SRAT: PXM 0 -> APIC 0x20 -> Node 0
Jan 29 11:00:35 cu-cs-vm kernel: [    0.000000] SRAT: PXM 0 -> APIC 0x22 -> Node 0
Jan 29 11:00:35 cu-cs-vm kernel: [    0.000000] SRAT: PXM 0 -> APIC 0x24 -> Node 0
Jan 29 11:00:35 cu-cs-vm kernel: [    0.000000] SRAT: PXM 0 -> APIC 0x26 -> Node 0
Jan 29 11:00:35 cu-cs-vm kernel: [    0.000000] SRAT: PXM 0 -> APIC 0x28 -> Node 0
Jan 29 11:00:35 cu-cs-vm kernel: [    0.000000] SRAT: PXM 0 -> APIC 0x2a -> Node 0
Jan 29 11:00:35 cu-cs-vm kernel: [    0.000000] SRAT: PXM 0 -> APIC 0x2c -> Node 0
Jan 29 11:00:35 cu-cs-vm kernel: [    0.000000] SRAT: PXM 0 -> APIC 0x2e -> Node 0
Jan 29 11:00:35 cu-cs-vm kernel: [    0.000000] SRAT: PXM 0 -> APIC 0x30 -> Node 0
Jan 29 11:00:35 cu-cs-vm kernel: [    0.000000] SRAT: PXM 0 -> APIC 0x32 -> Node 0
Jan 29 11:00:35 cu-cs-vm kernel: [    0.000000] SRAT: PXM 0 -> APIC 0x34 -> Node 0
Jan 29 11:00:35 cu-cs-vm kernel: [    0.000000] SRAT: PXM 0 -> APIC 0x36 -> Node 0
Jan 29 11:00:35 cu-cs-vm kernel: [    0.000000] SRAT: PXM 0 -> APIC 0x38 -> Node 0
Jan 29 11:00:35 cu-cs-vm kernel: [    0.000000] SRAT: PXM 0 -> APIC 0x3a -> Node 0
Jan 29 11:00:35 cu-cs-vm kernel: [    0.000000] SRAT: PXM 0 -> APIC 0x3c -> Node 0
Jan 29 11:00:35 cu-cs-vm kernel: [    0.000000] SRAT: PXM 0 -> APIC 0x3e -> Node 0
Jan 29 11:00:35 cu-cs-vm kernel: [    0.000000] SRAT: PXM 0 -> APIC 0x40 -> Node 0
Jan 29 11:00:35 cu-cs-vm kernel: [    0.000000] SRAT: PXM 0 -> APIC 0x42 -> Node 0
Jan 29 11:00:35 cu-cs-vm kernel: [    0.000000] SRAT: PXM 0 -> APIC 0x44 -> Node 0
Jan 29 11:00:35 cu-cs-vm kernel: [    0.000000] SRAT: PXM 0 -> APIC 0x46 -> Node 0
Jan 29 11:00:35 cu-cs-vm kernel: [    0.000000] SRAT: PXM 0 -> APIC 0x48 -> Node 0
Jan 29 11:00:35 cu-cs-vm kernel: [    0.000000] SRAT: PXM 0 -> APIC 0x4a -> Node 0
Jan 29 11:00:35 cu-cs-vm kernel: [    0.000000] SRAT: PXM 0 -> APIC 0x4c -> Node 0
Jan 29 11:00:35 cu-cs-vm kernel: [    0.000000] SRAT: PXM 0 -> APIC 0x4e -> Node 0
Jan 29 11:00:35 cu-cs-vm kernel: [    0.000000] SRAT: PXM 0 -> APIC 0x50 -> Node 0
Jan 29 11:00:35 cu-cs-vm kernel: [    0.000000] SRAT: PXM 0 -> APIC 0x52 -> Node 0
Jan 29 11:00:35 cu-cs-vm kernel: [    0.000000] SRAT: PXM 0 -> APIC 0x54 -> Node 0
Jan 29 11:00:35 cu-cs-vm kernel: [    0.000000] SRAT: PXM 0 -> APIC 0x56 -> Node 0
Jan 29 11:00:35 cu-cs-vm kernel: [    0.000000] SRAT: PXM 0 -> APIC 0x58 -> Node 0
Jan 29 11:00:35 cu-cs-vm kernel: [    0.000000] SRAT: PXM 0 -> APIC 0x5a -> Node 0
Jan 29 11:00:35 cu-cs-vm kernel: [    0.000000] SRAT: PXM 0 -> APIC 0x5c -> Node 0
Jan 29 11:00:35 cu-cs-vm kernel: [    0.000000] SRAT: PXM 0 -> APIC 0x5e -> Node 0
Jan 29 11:00:35 cu-cs-vm kernel: [    0.000000] SRAT: PXM 0 -> APIC 0x60 -> Node 0
Jan 29 11:00:35 cu-cs-vm kernel: [    0.000000] SRAT: PXM 0 -> APIC 0x62 -> Node 0
Jan 29 11:00:35 cu-cs-vm kernel: [    0.000000] SRAT: PXM 0 -> APIC 0x64 -> Node 0
Jan 29 11:00:35 cu-cs-vm kernel: [    0.000000] SRAT: PXM 0 -> APIC 0x66 -> Node 0
Jan 29 11:00:35 cu-cs-vm kernel: [    0.000000] SRAT: PXM 0 -> APIC 0x68 -> Node 0
Jan 29 11:00:35 cu-cs-vm kernel: [    0.000000] SRAT: PXM 0 -> APIC 0x6a -> Node 0
Jan 29 11:00:35 cu-cs-vm kernel: [    0.000000] SRAT: PXM 0 -> APIC 0x6c -> Node 0
Jan 29 11:00:35 cu-cs-vm kernel: [    0.000000] SRAT: PXM 0 -> APIC 0x6e -> Node 0
Jan 29 11:00:35 cu-cs-vm kernel: [    0.000000] SRAT: PXM 0 -> APIC 0x70 -> Node 0
Jan 29 11:00:35 cu-cs-vm kernel: [    0.000000] SRAT: PXM 0 -> APIC 0x72 -> Node 0
Jan 29 11:00:35 cu-cs-vm kernel: [    0.000000] SRAT: PXM 0 -> APIC 0x74 -> Node 0
Jan 29 11:00:35 cu-cs-vm kernel: [    0.000000] SRAT: PXM 0 -> APIC 0x76 -> Node 0
Jan 29 11:00:35 cu-cs-vm kernel: [    0.000000] SRAT: PXM 0 -> APIC 0x78 -> Node 0
Jan 29 11:00:35 cu-cs-vm kernel: [    0.000000] SRAT: PXM 0 -> APIC 0x7a -> Node 0
Jan 29 11:00:35 cu-cs-vm kernel: [    0.000000] SRAT: PXM 0 -> APIC 0x7c -> Node 0
Jan 29 11:00:35 cu-cs-vm kernel: [    0.000000] SRAT: PXM 0 -> APIC 0x7e -> Node 0
Jan 29 11:00:35 cu-cs-vm kernel: [    0.000000] SRAT: PXM 0 -> APIC 0x80 -> Node 0
Jan 29 11:00:35 cu-cs-vm kernel: [    0.000000] SRAT: PXM 0 -> APIC 0x82 -> Node 0
Jan 29 11:00:35 cu-cs-vm kernel: [    0.000000] SRAT: PXM 0 -> APIC 0x84 -> Node 0
Jan 29 11:00:35 cu-cs-vm kernel: [    0.000000] SRAT: PXM 0 -> APIC 0x86 -> Node 0
Jan 29 11:00:35 cu-cs-vm kernel: [    0.000000] SRAT: PXM 0 -> APIC 0x88 -> Node 0
Jan 29 11:00:35 cu-cs-vm kernel: [    0.000000] SRAT: PXM 0 -> APIC 0x8a -> Node 0
Jan 29 11:00:35 cu-cs-vm kernel: [    0.000000] SRAT: PXM 0 -> APIC 0x8c -> Node 0
Jan 29 11:00:35 cu-cs-vm kernel: [    0.000000] SRAT: PXM 0 -> APIC 0x8e -> Node 0
Jan 29 11:00:35 cu-cs-vm kernel: [    0.000000] SRAT: PXM 0 -> APIC 0x90 -> Node 0
Jan 29 11:00:35 cu-cs-vm kernel: [    0.000000] SRAT: PXM 0 -> APIC 0x92 -> Node 0
Jan 29 11:00:35 cu-cs-vm kernel: [    0.000000] SRAT: PXM 0 -> APIC 0x94 -> Node 0
Jan 29 11:00:35 cu-cs-vm kernel: [    0.000000] SRAT: PXM 0 -> APIC 0x96 -> Node 0
Jan 29 11:00:35 cu-cs-vm kernel: [    0.000000] SRAT: PXM 0 -> APIC 0x98 -> Node 0
Jan 29 11:00:35 cu-cs-vm kernel: [    0.000000] SRAT: PXM 0 -> APIC 0x9a -> Node 0
Jan 29 11:00:35 cu-cs-vm kernel: [    0.000000] SRAT: PXM 0 -> APIC 0x9c -> Node 0
Jan 29 11:00:35 cu-cs-vm kernel: [    0.000000] SRAT: PXM 0 -> APIC 0x9e -> Node 0
Jan 29 11:00:35 cu-cs-vm kernel: [    0.000000] SRAT: PXM 0 -> APIC 0xa0 -> Node 0
Jan 29 11:00:35 cu-cs-vm kernel: [    0.000000] SRAT: PXM 0 -> APIC 0xa2 -> Node 0
Jan 29 11:00:35 cu-cs-vm kernel: [    0.000000] SRAT: PXM 0 -> APIC 0xa4 -> Node 0
Jan 29 11:00:35 cu-cs-vm kernel: [    0.000000] SRAT: PXM 0 -> APIC 0xa6 -> Node 0
Jan 29 11:00:35 cu-cs-vm kernel: [    0.000000] SRAT: PXM 0 -> APIC 0xa8 -> Node 0
Jan 29 11:00:35 cu-cs-vm kernel: [    0.000000] SRAT: PXM 0 -> APIC 0xaa -> Node 0
Jan 29 11:00:35 cu-cs-vm kernel: [    0.000000] SRAT: PXM 0 -> APIC 0xac -> Node 0
Jan 29 11:00:35 cu-cs-vm kernel: [    0.000000] SRAT: PXM 0 -> APIC 0xae -> Node 0
Jan 29 11:00:35 cu-cs-vm kernel: [    0.000000] SRAT: PXM 0 -> APIC 0xb0 -> Node 0
Jan 29 11:00:35 cu-cs-vm kernel: [    0.000000] SRAT: PXM 0 -> APIC 0xb2 -> Node 0
Jan 29 11:00:35 cu-cs-vm kernel: [    0.000000] SRAT: PXM 0 -> APIC 0xb4 -> Node 0
Jan 29 11:00:35 cu-cs-vm kernel: [    0.000000] SRAT: PXM 0 -> APIC 0xb6 -> Node 0
Jan 29 11:00:35 cu-cs-vm kernel: [    0.000000] SRAT: PXM 0 -> APIC 0xb8 -> Node 0
Jan 29 11:00:35 cu-cs-vm kernel: [    0.000000] SRAT: PXM 0 -> APIC 0xba -> Node 0
Jan 29 11:00:35 cu-cs-vm kernel: [    0.000000] SRAT: PXM 0 -> APIC 0xbc -> Node 0
Jan 29 11:00:35 cu-cs-vm kernel: [    0.000000] SRAT: PXM 0 -> APIC 0xbe -> Node 0
Jan 29 11:00:35 cu-cs-vm kernel: [    0.000000] SRAT: PXM 0 -> APIC 0xc0 -> Node 0
Jan 29 11:00:35 cu-cs-vm kernel: [    0.000000] SRAT: PXM 0 -> APIC 0xc2 -> Node 0
Jan 29 11:00:35 cu-cs-vm kernel: [    0.000000] SRAT: PXM 0 -> APIC 0xc4 -> Node 0
Jan 29 11:00:35 cu-cs-vm kernel: [    0.000000] SRAT: PXM 0 -> APIC 0xc6 -> Node 0
Jan 29 11:00:35 cu-cs-vm kernel: [    0.000000] SRAT: PXM 0 -> APIC 0xc8 -> Node 0
Jan 29 11:00:35 cu-cs-vm kernel: [    0.000000] SRAT: PXM 0 -> APIC 0xca -> Node 0
Jan 29 11:00:35 cu-cs-vm kernel: [    0.000000] SRAT: PXM 0 -> APIC 0xcc -> Node 0
Jan 29 11:00:35 cu-cs-vm kernel: [    0.000000] SRAT: PXM 0 -> APIC 0xce -> Node 0
Jan 29 11:00:35 cu-cs-vm kernel: [    0.000000] SRAT: PXM 0 -> APIC 0xd0 -> Node 0
Jan 29 11:00:35 cu-cs-vm kernel: [    0.000000] SRAT: PXM 0 -> APIC 0xd2 -> Node 0
Jan 29 11:00:35 cu-cs-vm kernel: [    0.000000] SRAT: PXM 0 -> APIC 0xd4 -> Node 0
Jan 29 11:00:35 cu-cs-vm kernel: [    0.000000] SRAT: PXM 0 -> APIC 0xd6 -> Node 0
Jan 29 11:00:35 cu-cs-vm kernel: [    0.000000] SRAT: PXM 0 -> APIC 0xd8 -> Node 0
Jan 29 11:00:35 cu-cs-vm kernel: [    0.000000] SRAT: PXM 0 -> APIC 0xda -> Node 0
Jan 29 11:00:35 cu-cs-vm kernel: [    0.000000] SRAT: PXM 0 -> APIC 0xdc -> Node 0
Jan 29 11:00:35 cu-cs-vm kernel: [    0.000000] SRAT: PXM 0 -> APIC 0xde -> Node 0
Jan 29 11:00:35 cu-cs-vm kernel: [    0.000000] SRAT: PXM 0 -> APIC 0xe0 -> Node 0
Jan 29 11:00:35 cu-cs-vm kernel: [    0.000000] SRAT: PXM 0 -> APIC 0xe2 -> Node 0
Jan 29 11:00:35 cu-cs-vm kernel: [    0.000000] SRAT: PXM 0 -> APIC 0xe4 -> Node 0
Jan 29 11:00:35 cu-cs-vm kernel: [    0.000000] SRAT: PXM 0 -> APIC 0xe6 -> Node 0
Jan 29 11:00:35 cu-cs-vm kernel: [    0.000000] SRAT: PXM 0 -> APIC 0xe8 -> Node 0
Jan 29 11:00:35 cu-cs-vm kernel: [    0.000000] SRAT: PXM 0 -> APIC 0xea -> Node 0
Jan 29 11:00:35 cu-cs-vm kernel: [    0.000000] SRAT: PXM 0 -> APIC 0xec -> Node 0
Jan 29 11:00:35 cu-cs-vm kernel: [    0.000000] SRAT: PXM 0 -> APIC 0xee -> Node 0
Jan 29 11:00:35 cu-cs-vm kernel: [    0.000000] SRAT: PXM 0 -> APIC 0xf0 -> Node 0
Jan 29 11:00:35 cu-cs-vm kernel: [    0.000000] SRAT: PXM 0 -> APIC 0xf2 -> Node 0
Jan 29 11:00:35 cu-cs-vm kernel: [    0.000000] SRAT: PXM 0 -> APIC 0xf4 -> Node 0
Jan 29 11:00:35 cu-cs-vm kernel: [    0.000000] SRAT: PXM 0 -> APIC 0xf6 -> Node 0
Jan 29 11:00:35 cu-cs-vm kernel: [    0.000000] SRAT: PXM 0 -> APIC 0xf8 -> Node 0
Jan 29 11:00:35 cu-cs-vm kernel: [    0.000000] SRAT: PXM 0 -> APIC 0xfa -> Node 0
Jan 29 11:00:35 cu-cs-vm kernel: [    0.000000] SRAT: PXM 0 -> APIC 0xfc -> Node 0
Jan 29 11:00:35 cu-cs-vm kernel: [    0.000000] SRAT: PXM 0 -> APIC 0xfe -> Node 0
Jan 29 11:00:35 cu-cs-vm kernel: [    0.000000] ACPI: SRAT: Node 0 PXM 0 [mem 0x00000000-0x0009ffff]
Jan 29 11:00:35 cu-cs-vm kernel: [    0.000000] ACPI: SRAT: Node 0 PXM 0 [mem 0x00100000-0x7fffffff]
Jan 29 11:00:35 cu-cs-vm kernel: [    0.000000] ACPI: SRAT: Node 0 PXM 0 [mem 0x80000000-0xbfffffff] hotplug
Jan 29 11:00:35 cu-cs-vm kernel: [    0.000000] NUMA: Node 0 [mem 0x00000000-0x0009ffff] + [mem 0x00100000-0x7fffffff] -> [mem 0x00000000-0x7fffffff]
Jan 29 11:00:35 cu-cs-vm kernel: [    0.000000] NODE_DATA(0) allocated [mem 0x7ffd5000-0x7fffffff]
Jan 29 11:00:35 cu-cs-vm kernel: [    0.000000] Zone ranges:
Jan 29 11:00:35 cu-cs-vm kernel: [    0.000000]   DMA      [mem 0x0000000000001000-0x0000000000ffffff]
Jan 29 11:00:35 cu-cs-vm kernel: [    0.000000]   DMA32    [mem 0x0000000001000000-0x000000007fffffff]
Jan 29 11:00:35 cu-cs-vm kernel: [    0.000000]   Normal   empty
Jan 29 11:00:35 cu-cs-vm kernel: [    0.000000]   Device   empty
Jan 29 11:00:35 cu-cs-vm kernel: [    0.000000] Movable zone start for each node
Jan 29 11:00:35 cu-cs-vm kernel: [    0.000000] Early memory node ranges
Jan 29 11:00:35 cu-cs-vm kernel: [    0.000000]   node   0: [mem 0x0000000000001000-0x000000000009dfff]
Jan 29 11:00:35 cu-cs-vm kernel: [    0.000000]   node   0: [mem 0x0000000000100000-0x000000007fedffff]
Jan 29 11:00:35 cu-cs-vm kernel: [    0.000000]   node   0: [mem 0x000000007ff00000-0x000000007fffffff]
Jan 29 11:00:35 cu-cs-vm kernel: [    0.000000] Reserved but unavailable: 99 pages
Jan 29 11:00:35 cu-cs-vm kernel: [    0.000000] Initmem setup node 0 [mem 0x0000000000001000-0x000000007fffffff]
Jan 29 11:00:35 cu-cs-vm kernel: [    0.000000] On node 0 totalpages: 524157
Jan 29 11:00:35 cu-cs-vm kernel: [    0.000000]   DMA zone: 64 pages used for memmap
Jan 29 11:00:35 cu-cs-vm kernel: [    0.000000]   DMA zone: 21 pages reserved
Jan 29 11:00:35 cu-cs-vm kernel: [    0.000000]   DMA zone: 3997 pages, LIFO batch:0
Jan 29 11:00:35 cu-cs-vm kernel: [    0.000000]   DMA32 zone: 8128 pages used for memmap
Jan 29 11:00:35 cu-cs-vm kernel: [    0.000000]   DMA32 zone: 520160 pages, LIFO batch:31
Jan 29 11:00:35 cu-cs-vm kernel: [    0.000000] ACPI: PM-Timer IO Port: 0x1008
Jan 29 11:00:35 cu-cs-vm kernel: [    0.000000] ACPI: Local APIC address 0xfee00000
Jan 29 11:00:35 cu-cs-vm kernel: [    0.000000] system APIC only can use physical flat
Jan 29 11:00:35 cu-cs-vm kernel: [    0.000000] ACPI: LAPIC_NMI (acpi_id[0x00] high edge lint[0x1])
Jan 29 11:00:35 cu-cs-vm kernel: [    0.000000] ACPI: LAPIC_NMI (acpi_id[0x01] high edge lint[0x1])
Jan 29 11:00:35 cu-cs-vm kernel: [    0.000000] ACPI: LAPIC_NMI (acpi_id[0x02] high edge lint[0x1])
Jan 29 11:00:35 cu-cs-vm kernel: [    0.000000] ACPI: LAPIC_NMI (acpi_id[0x03] high edge lint[0x1])
Jan 29 11:00:35 cu-cs-vm kernel: [    0.000000] ACPI: LAPIC_NMI (acpi_id[0x04] high edge lint[0x1])
Jan 29 11:00:35 cu-cs-vm kernel: [    0.000000] ACPI: LAPIC_NMI (acpi_id[0x05] high edge lint[0x1])
Jan 29 11:00:35 cu-cs-vm kernel: [    0.000000] ACPI: LAPIC_NMI (acpi_id[0x06] high edge lint[0x1])
Jan 29 11:00:35 cu-cs-vm kernel: [    0.000000] ACPI: LAPIC_NMI (acpi_id[0x07] high edge lint[0x1])
Jan 29 11:00:35 cu-cs-vm kernel: [    0.000000] ACPI: LAPIC_NMI (acpi_id[0x08] high edge lint[0x1])
Jan 29 11:00:35 cu-cs-vm kernel: [    0.000000] ACPI: LAPIC_NMI (acpi_id[0x09] high edge lint[0x1])
Jan 29 11:00:35 cu-cs-vm kernel: [    0.000000] ACPI: LAPIC_NMI (acpi_id[0x0a] high edge lint[0x1])
Jan 29 11:00:35 cu-cs-vm kernel: [    0.000000] ACPI: LAPIC_NMI (acpi_id[0x0b] high edge lint[0x1])
Jan 29 11:00:35 cu-cs-vm kernel: [    0.000000] ACPI: LAPIC_NMI (acpi_id[0x0c] high edge lint[0x1])
Jan 29 11:00:35 cu-cs-vm kernel: [    0.000000] ACPI: LAPIC_NMI (acpi_id[0x0d] high edge lint[0x1])
Jan 29 11:00:35 cu-cs-vm kernel: [    0.000000] ACPI: LAPIC_NMI (acpi_id[0x0e] high edge lint[0x1])
Jan 29 11:00:35 cu-cs-vm kernel: [    0.000000] ACPI: LAPIC_NMI (acpi_id[0x0f] high edge lint[0x1])
Jan 29 11:00:35 cu-cs-vm kernel: [    0.000000] ACPI: LAPIC_NMI (acpi_id[0x10] high edge lint[0x1])
Jan 29 11:00:35 cu-cs-vm kernel: [    0.000000] ACPI: LAPIC_NMI (acpi_id[0x11] high edge lint[0x1])
Jan 29 11:00:35 cu-cs-vm kernel: [    0.000000] ACPI: LAPIC_NMI (acpi_id[0x12] high edge lint[0x1])
Jan 29 11:00:35 cu-cs-vm kernel: [    0.000000] ACPI: LAPIC_NMI (acpi_id[0x13] high edge lint[0x1])
Jan 29 11:00:35 cu-cs-vm kernel: [    0.000000] ACPI: LAPIC_NMI (acpi_id[0x14] high edge lint[0x1])
Jan 29 11:00:35 cu-cs-vm kernel: [    0.000000] ACPI: LAPIC_NMI (acpi_id[0x15] high edge lint[0x1])
Jan 29 11:00:35 cu-cs-vm kernel: [    0.000000] ACPI: LAPIC_NMI (acpi_id[0x16] high edge lint[0x1])
Jan 29 11:00:35 cu-cs-vm kernel: [    0.000000] ACPI: LAPIC_NMI (acpi_id[0x17] high edge lint[0x1])
Jan 29 11:00:35 cu-cs-vm kernel: [    0.000000] ACPI: LAPIC_NMI (acpi_id[0x18] high edge lint[0x1])
Jan 29 11:00:35 cu-cs-vm kernel: [    0.000000] ACPI: LAPIC_NMI (acpi_id[0x19] high edge lint[0x1])
Jan 29 11:00:35 cu-cs-vm kernel: [    0.000000] ACPI: LAPIC_NMI (acpi_id[0x1a] high edge lint[0x1])
Jan 29 11:00:35 cu-cs-vm kernel: [    0.000000] ACPI: LAPIC_NMI (acpi_id[0x1b] high edge lint[0x1])
Jan 29 11:00:35 cu-cs-vm kernel: [    0.000000] ACPI: LAPIC_NMI (acpi_id[0x1c] high edge lint[0x1])
Jan 29 11:00:35 cu-cs-vm kernel: [    0.000000] ACPI: LAPIC_NMI (acpi_id[0x1d] high edge lint[0x1])
Jan 29 11:00:35 cu-cs-vm kernel: [    0.000000] ACPI: LAPIC_NMI (acpi_id[0x1e] high edge lint[0x1])
Jan 29 11:00:35 cu-cs-vm kernel: [    0.000000] ACPI: LAPIC_NMI (acpi_id[0x1f] high edge lint[0x1])
Jan 29 11:00:35 cu-cs-vm kernel: [    0.000000] ACPI: LAPIC_NMI (acpi_id[0x20] high edge lint[0x1])
Jan 29 11:00:35 cu-cs-vm kernel: [    0.000000] ACPI: LAPIC_NMI (acpi_id[0x21] high edge lint[0x1])
Jan 29 11:00:35 cu-cs-vm kernel: [    0.000000] ACPI: LAPIC_NMI (acpi_id[0x22] high edge lint[0x1])
Jan 29 11:00:35 cu-cs-vm kernel: [    0.000000] ACPI: LAPIC_NMI (acpi_id[0x23] high edge lint[0x1])
Jan 29 11:00:35 cu-cs-vm kernel: [    0.000000] ACPI: LAPIC_NMI (acpi_id[0x24] high edge lint[0x1])
Jan 29 11:00:35 cu-cs-vm kernel: [    0.000000] ACPI: LAPIC_NMI (acpi_id[0x25] high edge lint[0x1])
Jan 29 11:00:35 cu-cs-vm kernel: [    0.000000] ACPI: LAPIC_NMI (acpi_id[0x26] high edge lint[0x1])
Jan 29 11:00:35 cu-cs-vm kernel: [    0.000000] ACPI: LAPIC_NMI (acpi_id[0x27] high edge lint[0x1])
Jan 29 11:00:35 cu-cs-vm kernel: [    0.000000] ACPI: LAPIC_NMI (acpi_id[0x28] high edge lint[0x1])
Jan 29 11:00:35 cu-cs-vm kernel: [    0.000000] ACPI: LAPIC_NMI (acpi_id[0x29] high edge lint[0x1])
Jan 29 11:00:35 cu-cs-vm kernel: [    0.000000] ACPI: LAPIC_NMI (acpi_id[0x2a] high edge lint[0x1])
Jan 29 11:00:35 cu-cs-vm kernel: [    0.000000] ACPI: LAPIC_NMI (acpi_id[0x2b] high edge lint[0x1])
Jan 29 11:00:35 cu-cs-vm kernel: [    0.000000] ACPI: LAPIC_NMI (acpi_id[0x2c] high edge lint[0x1])
Jan 29 11:00:35 cu-cs-vm kernel: [    0.000000] ACPI: LAPIC_NMI (acpi_id[0x2d] high edge lint[0x1])
Jan 29 11:00:35 cu-cs-vm kernel: [    0.000000] ACPI: LAPIC_NMI (acpi_id[0x2e] high edge lint[0x1])
Jan 29 11:00:35 cu-cs-vm kernel: [    0.000000] ACPI: LAPIC_NMI (acpi_id[0x2f] high edge lint[0x1])
Jan 29 11:00:35 cu-cs-vm kernel: [    0.000000] ACPI: LAPIC_NMI (acpi_id[0x30] high edge lint[0x1])
Jan 29 11:00:35 cu-cs-vm kernel: [    0.000000] ACPI: LAPIC_NMI (acpi_id[0x31] high edge lint[0x1])
Jan 29 11:00:35 cu-cs-vm kernel: [    0.000000] ACPI: LAPIC_NMI (acpi_id[0x32] high edge lint[0x1])
Jan 29 11:00:35 cu-cs-vm kernel: [    0.000000] ACPI: LAPIC_NMI (acpi_id[0x33] high edge lint[0x1])
Jan 29 11:00:35 cu-cs-vm kernel: [    0.000000] ACPI: LAPIC_NMI (acpi_id[0x34] high edge lint[0x1])
Jan 29 11:00:35 cu-cs-vm kernel: [    0.000000] ACPI: LAPIC_NMI (acpi_id[0x35] high edge lint[0x1])
Jan 29 11:00:35 cu-cs-vm kernel: [    0.000000] ACPI: LAPIC_NMI (acpi_id[0x36] high edge lint[0x1])
Jan 29 11:00:35 cu-cs-vm kernel: [    0.000000] ACPI: LAPIC_NMI (acpi_id[0x37] high edge lint[0x1])
Jan 29 11:00:35 cu-cs-vm kernel: [    0.000000] ACPI: LAPIC_NMI (acpi_id[0x38] high edge lint[0x1])
Jan 29 11:00:35 cu-cs-vm kernel: [    0.000000] ACPI: LAPIC_NMI (acpi_id[0x39] high edge lint[0x1])
Jan 29 11:00:35 cu-cs-vm kernel: [    0.000000] ACPI: LAPIC_NMI (acpi_id[0x3a] high edge lint[0x1])
Jan 29 11:00:35 cu-cs-vm kernel: [    0.000000] ACPI: LAPIC_NMI (acpi_id[0x3b] high edge lint[0x1])
Jan 29 11:00:35 cu-cs-vm kernel: [    0.000000] ACPI: LAPIC_NMI (acpi_id[0x3c] high edge lint[0x1])
Jan 29 11:00:35 cu-cs-vm kernel: [    0.000000] ACPI: LAPIC_NMI (acpi_id[0x3d] high edge lint[0x1])
Jan 29 11:00:35 cu-cs-vm kernel: [    0.000000] ACPI: LAPIC_NMI (acpi_id[0x3e] high edge lint[0x1])
Jan 29 11:00:35 cu-cs-vm kernel: [    0.000000] ACPI: LAPIC_NMI (acpi_id[0x3f] high edge lint[0x1])
Jan 29 11:00:35 cu-cs-vm kernel: [    0.000000] ACPI: LAPIC_NMI (acpi_id[0x40] high edge lint[0x1])
Jan 29 11:00:35 cu-cs-vm kernel: [    0.000000] ACPI: LAPIC_NMI (acpi_id[0x41] high edge lint[0x1])
Jan 29 11:00:35 cu-cs-vm kernel: [    0.000000] ACPI: LAPIC_NMI (acpi_id[0x42] high edge lint[0x1])
Jan 29 11:00:35 cu-cs-vm kernel: [    0.000000] ACPI: LAPIC_NMI (acpi_id[0x43] high edge lint[0x1])
Jan 29 11:00:35 cu-cs-vm kernel: [    0.000000] ACPI: LAPIC_NMI (acpi_id[0x44] high edge lint[0x1])
Jan 29 11:00:35 cu-cs-vm kernel: [    0.000000] ACPI: LAPIC_NMI (acpi_id[0x45] high edge lint[0x1])
Jan 29 11:00:35 cu-cs-vm kernel: [    0.000000] ACPI: LAPIC_NMI (acpi_id[0x46] high edge lint[0x1])
Jan 29 11:00:35 cu-cs-vm kernel: [    0.000000] ACPI: LAPIC_NMI (acpi_id[0x47] high edge lint[0x1])
Jan 29 11:00:35 cu-cs-vm kernel: [    0.000000] ACPI: LAPIC_NMI (acpi_id[0x48] high edge lint[0x1])
Jan 29 11:00:35 cu-cs-vm kernel: [    0.000000] ACPI: LAPIC_NMI (acpi_id[0x49] high edge lint[0x1])
Jan 29 11:00:35 cu-cs-vm kernel: [    0.000000] ACPI: LAPIC_NMI (acpi_id[0x4a] high edge lint[0x1])
Jan 29 11:00:35 cu-cs-vm kernel: [    0.000000] ACPI: LAPIC_NMI (acpi_id[0x4b] high edge lint[0x1])
Jan 29 11:00:35 cu-cs-vm kernel: [    0.000000] ACPI: LAPIC_NMI (acpi_id[0x4c] high edge lint[0x1])
Jan 29 11:00:35 cu-cs-vm kernel: [    0.000000] ACPI: LAPIC_NMI (acpi_id[0x4d] high edge lint[0x1])
Jan 29 11:00:35 cu-cs-vm kernel: [    0.000000] ACPI: LAPIC_NMI (acpi_id[0x4e] high edge lint[0x1])
Jan 29 11:00:35 cu-cs-vm kernel: [    0.000000] ACPI: LAPIC_NMI (acpi_id[0x4f] high edge lint[0x1])
Jan 29 11:00:35 cu-cs-vm kernel: [    0.000000] ACPI: LAPIC_NMI (acpi_id[0x50] high edge lint[0x1])
Jan 29 11:00:35 cu-cs-vm kernel: [    0.000000] ACPI: LAPIC_NMI (acpi_id[0x51] high edge lint[0x1])
Jan 29 11:00:35 cu-cs-vm kernel: [    0.000000] ACPI: LAPIC_NMI (acpi_id[0x52] high edge lint[0x1])
Jan 29 11:00:35 cu-cs-vm kernel: [    0.000000] ACPI: LAPIC_NMI (acpi_id[0x53] high edge lint[0x1])
Jan 29 11:00:35 cu-cs-vm kernel: [    0.000000] ACPI: LAPIC_NMI (acpi_id[0x54] high edge lint[0x1])
Jan 29 11:00:35 cu-cs-vm kernel: [    0.000000] ACPI: LAPIC_NMI (acpi_id[0x55] high edge lint[0x1])
Jan 29 11:00:35 cu-cs-vm kernel: [    0.000000] ACPI: LAPIC_NMI (acpi_id[0x56] high edge lint[0x1])
Jan 29 11:00:35 cu-cs-vm kernel: [    0.000000] ACPI: LAPIC_NMI (acpi_id[0x57] high edge lint[0x1])
Jan 29 11:00:35 cu-cs-vm kernel: [    0.000000] ACPI: LAPIC_NMI (acpi_id[0x58] high edge lint[0x1])
Jan 29 11:00:35 cu-cs-vm kernel: [    0.000000] ACPI: LAPIC_NMI (acpi_id[0x59] high edge lint[0x1])
Jan 29 11:00:35 cu-cs-vm kernel: [    0.000000] ACPI: LAPIC_NMI (acpi_id[0x5a] high edge lint[0x1])
Jan 29 11:00:35 cu-cs-vm kernel: [    0.000000] ACPI: LAPIC_NMI (acpi_id[0x5b] high edge lint[0x1])
Jan 29 11:00:35 cu-cs-vm kernel: [    0.000000] ACPI: LAPIC_NMI (acpi_id[0x5c] high edge lint[0x1])
Jan 29 11:00:35 cu-cs-vm kernel: [    0.000000] ACPI: LAPIC_NMI (acpi_id[0x5d] high edge lint[0x1])
Jan 29 11:00:35 cu-cs-vm kernel: [    0.000000] ACPI: LAPIC_NMI (acpi_id[0x5e] high edge lint[0x1])
Jan 29 11:00:35 cu-cs-vm kernel: [    0.000000] ACPI: LAPIC_NMI (acpi_id[0x5f] high edge lint[0x1])
Jan 29 11:00:35 cu-cs-vm kernel: [    0.000000] ACPI: LAPIC_NMI (acpi_id[0x60] high edge lint[0x1])
Jan 29 11:00:35 cu-cs-vm kernel: [    0.000000] ACPI: LAPIC_NMI (acpi_id[0x61] high edge lint[0x1])
Jan 29 11:00:35 cu-cs-vm kernel: [    0.000000] ACPI: LAPIC_NMI (acpi_id[0x62] high edge lint[0x1])
Jan 29 11:00:35 cu-cs-vm kernel: [    0.000000] ACPI: LAPIC_NMI (acpi_id[0x63] high edge lint[0x1])
Jan 29 11:00:35 cu-cs-vm kernel: [    0.000000] ACPI: LAPIC_NMI (acpi_id[0x64] high edge lint[0x1])
Jan 29 11:00:35 cu-cs-vm kernel: [    0.000000] ACPI: LAPIC_NMI (acpi_id[0x65] high edge lint[0x1])
Jan 29 11:00:35 cu-cs-vm kernel: [    0.000000] ACPI: LAPIC_NMI (acpi_id[0x66] high edge lint[0x1])
Jan 29 11:00:35 cu-cs-vm kernel: [    0.000000] ACPI: LAPIC_NMI (acpi_id[0x67] high edge lint[0x1])
Jan 29 11:00:35 cu-cs-vm kernel: [    0.000000] ACPI: LAPIC_NMI (acpi_id[0x68] high edge lint[0x1])
Jan 29 11:00:35 cu-cs-vm kernel: [    0.000000] ACPI: LAPIC_NMI (acpi_id[0x69] high edge lint[0x1])
Jan 29 11:00:35 cu-cs-vm kernel: [    0.000000] ACPI: LAPIC_NMI (acpi_id[0x6a] high edge lint[0x1])
Jan 29 11:00:35 cu-cs-vm kernel: [    0.000000] ACPI: LAPIC_NMI (acpi_id[0x6b] high edge lint[0x1])
Jan 29 11:00:35 cu-cs-vm kernel: [    0.000000] ACPI: LAPIC_NMI (acpi_id[0x6c] high edge lint[0x1])
Jan 29 11:00:35 cu-cs-vm kernel: [    0.000000] ACPI: LAPIC_NMI (acpi_id[0x6d] high edge lint[0x1])
Jan 29 11:00:35 cu-cs-vm kernel: [    0.000000] ACPI: LAPIC_NMI (acpi_id[0x6e] high edge lint[0x1])
Jan 29 11:00:35 cu-cs-vm kernel: [    0.000000] ACPI: LAPIC_NMI (acpi_id[0x6f] high edge lint[0x1])
Jan 29 11:00:35 cu-cs-vm kernel: [    0.000000] ACPI: LAPIC_NMI (acpi_id[0x70] high edge lint[0x1])
Jan 29 11:00:35 cu-cs-vm kernel: [    0.000000] ACPI: LAPIC_NMI (acpi_id[0x71] high edge lint[0x1])
Jan 29 11:00:35 cu-cs-vm kernel: [    0.000000] ACPI: LAPIC_NMI (acpi_id[0x72] high edge lint[0x1])
Jan 29 11:00:35 cu-cs-vm kernel: [    0.000000] ACPI: LAPIC_NMI (acpi_id[0x73] high edge lint[0x1])
Jan 29 11:00:35 cu-cs-vm kernel: [    0.000000] ACPI: LAPIC_NMI (acpi_id[0x74] high edge lint[0x1])
Jan 29 11:00:35 cu-cs-vm kernel: [    0.000000] ACPI: LAPIC_NMI (acpi_id[0x75] high edge lint[0x1])
Jan 29 11:00:35 cu-cs-vm kernel: [    0.000000] ACPI: LAPIC_NMI (acpi_id[0x76] high edge lint[0x1])
Jan 29 11:00:35 cu-cs-vm kernel: [    0.000000] ACPI: LAPIC_NMI (acpi_id[0x77] high edge lint[0x1])
Jan 29 11:00:35 cu-cs-vm kernel: [    0.000000] ACPI: LAPIC_NMI (acpi_id[0x78] high edge lint[0x1])
Jan 29 11:00:35 cu-cs-vm kernel: [    0.000000] ACPI: LAPIC_NMI (acpi_id[0x79] high edge lint[0x1])
Jan 29 11:00:35 cu-cs-vm kernel: [    0.000000] ACPI: LAPIC_NMI (acpi_id[0x7a] high edge lint[0x1])
Jan 29 11:00:35 cu-cs-vm kernel: [    0.000000] ACPI: LAPIC_NMI (acpi_id[0x7b] high edge lint[0x1])
Jan 29 11:00:35 cu-cs-vm kernel: [    0.000000] ACPI: LAPIC_NMI (acpi_id[0x7c] high edge lint[0x1])
Jan 29 11:00:35 cu-cs-vm kernel: [    0.000000] ACPI: LAPIC_NMI (acpi_id[0x7d] high edge lint[0x1])
Jan 29 11:00:35 cu-cs-vm kernel: [    0.000000] ACPI: LAPIC_NMI (acpi_id[0x7e] high edge lint[0x1])
Jan 29 11:00:35 cu-cs-vm kernel: [    0.000000] ACPI: LAPIC_NMI (acpi_id[0x7f] high edge lint[0x1])
Jan 29 11:00:35 cu-cs-vm kernel: [    0.000000] IOAPIC[0]: apic_id 1, version 32, address 0xfec00000, GSI 0-23
Jan 29 11:00:35 cu-cs-vm kernel: [    0.000000] ACPI: INT_SRC_OVR (bus 0 bus_irq 0 global_irq 2 high edge)
Jan 29 11:00:35 cu-cs-vm kernel: [    0.000000] ACPI: IRQ0 used by override.
Jan 29 11:00:35 cu-cs-vm kernel: [    0.000000] ACPI: IRQ9 used by override.
Jan 29 11:00:35 cu-cs-vm kernel: [    0.000000] Using ACPI (MADT) for SMP configuration information
Jan 29 11:00:35 cu-cs-vm kernel: [    0.000000] smpboot: Allowing 128 CPUs, 126 hotplug CPUs
Jan 29 11:00:35 cu-cs-vm kernel: [    0.000000] PM: Registered nosave memory: [mem 0x00000000-0x00000fff]
Jan 29 11:00:35 cu-cs-vm kernel: [    0.000000] PM: Registered nosave memory: [mem 0x0009e000-0x0009efff]
Jan 29 11:00:35 cu-cs-vm kernel: [    0.000000] PM: Registered nosave memory: [mem 0x0009f000-0x0009ffff]
Jan 29 11:00:35 cu-cs-vm kernel: [    0.000000] PM: Registered nosave memory: [mem 0x000a0000-0x000dbfff]
Jan 29 11:00:35 cu-cs-vm kernel: [    0.000000] PM: Registered nosave memory: [mem 0x000dc000-0x000fffff]
Jan 29 11:00:35 cu-cs-vm kernel: [    0.000000] PM: Registered nosave memory: [mem 0x7fee0000-0x7fefefff]
Jan 29 11:00:35 cu-cs-vm kernel: [    0.000000] PM: Registered nosave memory: [mem 0x7feff000-0x7fefffff]
Jan 29 11:00:35 cu-cs-vm kernel: [    0.000000] e820: [mem 0x80000000-0xefffffff] available for PCI devices
Jan 29 11:00:35 cu-cs-vm kernel: [    0.000000] Booting paravirtualized kernel on VMware hypervisor
Jan 29 11:00:35 cu-cs-vm kernel: [    0.000000] clocksource: refined-jiffies: mask: 0xffffffff max_cycles: 0xffffffff, max_idle_ns: 7645519600211568 ns
Jan 29 11:00:35 cu-cs-vm kernel: [    0.000000] random: get_random_bytes called from start_kernel+0x99/0x51d with crng_init=0
Jan 29 11:00:35 cu-cs-vm kernel: [    0.000000] setup_percpu: NR_CPUS:8192 nr_cpumask_bits:128 nr_cpu_ids:128 nr_node_ids:1
Jan 29 11:00:35 cu-cs-vm kernel: [    0.000000] percpu: Embedded 45 pages/cpu s147456 r8192 d28672 u262144
Jan 29 11:00:35 cu-cs-vm rsyslogd-2039: Could not open output pipe '/dev/xconsole':: No such file or directory [v8.16.0 try http://www.rsyslog.com/e/2039 ]
Jan 29 11:00:35 cu-cs-vm rsyslogd-2007: action 'action 10' suspended, next retry is Wed Jan 29 11:01:05 2020 [v8.16.0 try http://www.rsyslog.com/e/2007 ]
Jan 29 11:00:35 cu-cs-vm kernel: [    0.000000] pcpu-alloc: s147456 r8192 d28672 u262144 alloc=1*2097152
Jan 29 11:00:35 cu-cs-vm kernel: [    0.000000] pcpu-alloc: [0] 000 001 002 003 004 005 006 007 
Jan 29 11:00:35 cu-cs-vm kernel: [    0.000000] pcpu-alloc: [0] 008 009 010 011 012 013 014 015 
Jan 29 11:00:35 cu-cs-vm kernel: [    0.000000] pcpu-alloc: [0] 016 017 018 019 020 021 022 023 
Jan 29 11:00:35 cu-cs-vm kernel: [    0.000000] pcpu-alloc: [0] 024 025 026 027 028 029 030 031 
Jan 29 11:00:35 cu-cs-vm kernel: [    0.000000] pcpu-alloc: [0] 032 033 034 035 036 037 038 039 
Jan 29 11:00:35 cu-cs-vm kernel: [    0.000000] pcpu-alloc: [0] 040 041 042 043 044 045 046 047 
Jan 29 11:00:35 cu-cs-vm kernel: [    0.000000] pcpu-alloc: [0] 048 049 050 051 052 053 054 055 
Jan 29 11:00:35 cu-cs-vm kernel: [    0.000000] pcpu-alloc: [0] 056 057 058 059 060 061 062 063 
Jan 29 11:00:35 cu-cs-vm kernel: [    0.000000] pcpu-alloc: [0] 064 065 066 067 068 069 070 071 
Jan 29 11:00:35 cu-cs-vm kernel: [    0.000000] pcpu-alloc: [0] 072 073 074 075 076 077 078 079 
Jan 29 11:00:35 cu-cs-vm kernel: [    0.000000] pcpu-alloc: [0] 080 081 082 083 084 085 086 087 
Jan 29 11:00:35 cu-cs-vm kernel: [    0.000000] pcpu-alloc: [0] 088 089 090 091 092 093 094 095 
Jan 29 11:00:35 cu-cs-vm kernel: [    0.000000] pcpu-alloc: [0] 096 097 098 099 100 101 102 103 
Jan 29 11:00:35 cu-cs-vm kernel: [    0.000000] pcpu-alloc: [0] 104 105 106 107 108 109 110 111 
Jan 29 11:00:35 cu-cs-vm kernel: [    0.000000] pcpu-alloc: [0] 112 113 114 115 116 117 118 119 
Jan 29 11:00:35 cu-cs-vm kernel: [    0.000000] pcpu-alloc: [0] 120 121 122 123 124 125 126 127 
Jan 29 11:00:35 cu-cs-vm kernel: [    0.000000] Built 1 zonelists, mobility grouping on.  Total pages: 515944
Jan 29 11:00:35 cu-cs-vm kernel: [    0.000000] Policy zone: DMA32
Jan 29 11:00:35 cu-cs-vm kernel: [    0.000000] Kernel command line: BOOT_IMAGE=/boot/vmlinuz-4.15.18Revision3 root=UUID=a7adc8c1-e02a-478b-93ad-c06e060e0176 ro
Jan 29 11:00:35 cu-cs-vm kernel: [    0.000000] log_buf_len individual max cpu contribution: 4096 bytes
Jan 29 11:00:35 cu-cs-vm kernel: [    0.000000] log_buf_len total cpu_extra contributions: 520192 bytes
Jan 29 11:00:35 cu-cs-vm kernel: [    0.000000] log_buf_len min size: 262144 bytes
Jan 29 11:00:35 cu-cs-vm kernel: [    0.000000] log_buf_len: 1048576 bytes
Jan 29 11:00:35 cu-cs-vm kernel: [    0.000000] early log buf free: 237044(90%)
Jan 29 11:00:35 cu-cs-vm kernel: [    0.000000] Calgary: detecting Calgary via BIOS EBDA area
Jan 29 11:00:35 cu-cs-vm kernel: [    0.000000] Calgary: Unable to locate Rio Grande table in EBDA - bailing!
Jan 29 11:00:35 cu-cs-vm kernel: [    0.000000] Memory: 1567088K/2096628K available (12300K kernel code, 2480K rwdata, 4132K rodata, 2428K init, 2704K bss, 529540K reserved, 0K cma-reserved)
Jan 29 11:00:35 cu-cs-vm kernel: [    0.000000] SLUB: HWalign=64, Order=0-3, MinObjects=0, CPUs=128, Nodes=1
Jan 29 11:00:35 cu-cs-vm kernel: [    0.000000] Kernel/User page tables isolation: enabled
Jan 29 11:00:35 cu-cs-vm kernel: [    0.000000] ftrace: allocating 39201 entries in 154 pages
Jan 29 11:00:35 cu-cs-vm kernel: [    0.004000] Hierarchical RCU implementation.
Jan 29 11:00:35 cu-cs-vm kernel: [    0.004000] 	RCU restricting CPUs from NR_CPUS=8192 to nr_cpu_ids=128.
Jan 29 11:00:35 cu-cs-vm kernel: [    0.004000] 	Tasks RCU enabled.
Jan 29 11:00:35 cu-cs-vm kernel: [    0.004000] RCU: Adjusting geometry for rcu_fanout_leaf=16, nr_cpu_ids=128
Jan 29 11:00:35 cu-cs-vm kernel: [    0.004000] NR_IRQS: 524544, nr_irqs: 1448, preallocated irqs: 16
Jan 29 11:00:35 cu-cs-vm kernel: [    0.004000] Console: colour VGA+ 80x25
Jan 29 11:00:35 cu-cs-vm kernel: [    0.004000] console [tty0] enabled
Jan 29 11:00:35 cu-cs-vm kernel: [    0.004000] ACPI: Core revision 20170831
Jan 29 11:00:35 cu-cs-vm kernel: [    0.004000] ACPI: 1 ACPI AML tables successfully acquired and loaded
Jan 29 11:00:35 cu-cs-vm kernel: [    0.004000] APIC: Switch to symmetric I/O mode setup
Jan 29 11:00:35 cu-cs-vm kernel: [    0.004000] x2apic enabled
Jan 29 11:00:35 cu-cs-vm kernel: [    0.004000] Switched APIC routing to physical x2apic.
Jan 29 11:00:35 cu-cs-vm kernel: [    0.004000] tsc: Detected 2699.896 MHz processor
Jan 29 11:00:35 cu-cs-vm kernel: [    0.004000] Calibrating delay loop (skipped) preset value.. 5399.79 BogoMIPS (lpj=10799584)
Jan 29 11:00:35 cu-cs-vm kernel: [    0.004000] pid_max: default: 131072 minimum: 1024
Jan 29 11:00:35 cu-cs-vm kernel: [    0.004000] Security Framework initialized
Jan 29 11:00:35 cu-cs-vm kernel: [    0.004000] Yama: becoming mindful.
Jan 29 11:00:35 cu-cs-vm kernel: [    0.004000] AppArmor: AppArmor initialized
Jan 29 11:00:35 cu-cs-vm kernel: [    0.004000] Dentry cache hash table entries: 262144 (order: 9, 2097152 bytes)
Jan 29 11:00:35 cu-cs-vm kernel: [    0.004000] Inode-cache hash table entries: 131072 (order: 8, 1048576 bytes)
Jan 29 11:00:35 cu-cs-vm kernel: [    0.004000] Mount-cache hash table entries: 4096 (order: 3, 32768 bytes)
Jan 29 11:00:35 cu-cs-vm kernel: [    0.004000] Mountpoint-cache hash table entries: 4096 (order: 3, 32768 bytes)
Jan 29 11:00:35 cu-cs-vm kernel: [    0.004000] Disabled fast string operations
Jan 29 11:00:35 cu-cs-vm kernel: [    0.004000] Last level iTLB entries: 4KB 64, 2MB 8, 4MB 8
Jan 29 11:00:35 cu-cs-vm kernel: [    0.004000] Last level dTLB entries: 4KB 64, 2MB 0, 4MB 0, 1GB 4
Jan 29 11:00:35 cu-cs-vm kernel: [    0.004000] Spectre V1 : Mitigation: usercopy/swapgs barriers and __user pointer sanitization
Jan 29 11:00:35 cu-cs-vm kernel: [    0.004000] Spectre V2 : Mitigation: Full generic retpoline
Jan 29 11:00:35 cu-cs-vm kernel: [    0.004000] Spectre V2 : Spectre v2 / SpectreRSB mitigation: Filling RSB on context switch
Jan 29 11:00:35 cu-cs-vm kernel: [    0.004000] Spectre V2 : Enabling Restricted Speculation for firmware calls
Jan 29 11:00:35 cu-cs-vm kernel: [    0.004000] Spectre V2 : mitigation: Enabling conditional Indirect Branch Prediction Barrier
Jan 29 11:00:35 cu-cs-vm kernel: [    0.004000] Speculative Store Bypass: Mitigation: Speculative Store Bypass disabled via prctl and seccomp
Jan 29 11:00:35 cu-cs-vm kernel: [    0.004000] MDS: Mitigation: Clear CPU buffers
Jan 29 11:00:35 cu-cs-vm kernel: [    0.004000] Freeing SMP alternatives memory: 36K
Jan 29 11:00:35 cu-cs-vm kernel: [    0.004000] TSC deadline timer enabled
Jan 29 11:00:35 cu-cs-vm kernel: [    0.004000] smpboot: CPU0: Intel(R) Core(TM) i5-5257U CPU @ 2.70GHz (family: 0x6, model: 0x3d, stepping: 0x4)
Jan 29 11:00:35 cu-cs-vm kernel: [    0.004000] Performance Events: Broadwell events, core PMU driver.
Jan 29 11:00:35 cu-cs-vm kernel: [    0.004000] core: CPUID marked event: 'cpu cycles' unavailable
Jan 29 11:00:35 cu-cs-vm kernel: [    0.004000] core: CPUID marked event: 'instructions' unavailable
Jan 29 11:00:35 cu-cs-vm kernel: [    0.004000] core: CPUID marked event: 'bus cycles' unavailable
Jan 29 11:00:35 cu-cs-vm kernel: [    0.004000] core: CPUID marked event: 'cache references' unavailable
Jan 29 11:00:35 cu-cs-vm kernel: [    0.004000] core: CPUID marked event: 'cache misses' unavailable
Jan 29 11:00:35 cu-cs-vm kernel: [    0.004000] core: CPUID marked event: 'branch instructions' unavailable
Jan 29 11:00:35 cu-cs-vm kernel: [    0.004000] core: CPUID marked event: 'branch misses' unavailable
Jan 29 11:00:35 cu-cs-vm kernel: [    0.004000] ... version:                1
Jan 29 11:00:35 cu-cs-vm kernel: [    0.004000] ... bit width:              48
Jan 29 11:00:35 cu-cs-vm kernel: [    0.004000] ... generic registers:      4
Jan 29 11:00:35 cu-cs-vm kernel: [    0.004000] ... value mask:             0000ffffffffffff
Jan 29 11:00:35 cu-cs-vm kernel: [    0.004000] ... max period:             000000007fffffff
Jan 29 11:00:35 cu-cs-vm kernel: [    0.004000] ... fixed-purpose events:   0
Jan 29 11:00:35 cu-cs-vm kernel: [    0.004000] ... event mask:             000000000000000f
Jan 29 11:00:35 cu-cs-vm kernel: [    0.004000] Hierarchical SRCU implementation.
Jan 29 11:00:35 cu-cs-vm kernel: [    0.004394] NMI watchdog: Perf event create on CPU 0 failed with -2
Jan 29 11:00:35 cu-cs-vm kernel: [    0.004638] NMI watchdog: Perf NMI watchdog permanently disabled
Jan 29 11:00:35 cu-cs-vm kernel: [    0.037173] smp: Bringing up secondary CPUs ...
Jan 29 11:00:35 cu-cs-vm kernel: [    0.038135] x86: Booting SMP configuration:
Jan 29 11:00:35 cu-cs-vm kernel: [    0.038248] .... node  #0, CPUs:          #1
Jan 29 11:00:35 cu-cs-vm kernel: [    0.004000] Disabled fast string operations
Jan 29 11:00:35 cu-cs-vm kernel: [    0.004000] smpboot: CPU 1 Converting physical 2 to logical package 1
Jan 29 11:00:35 cu-cs-vm kernel: [    0.039253] smp: Brought up 1 node, 2 CPUs
Jan 29 11:00:35 cu-cs-vm kernel: [    0.039253] smpboot: Max logical packages: 128
Jan 29 11:00:35 cu-cs-vm kernel: [    0.039253] smpboot: Total of 2 processors activated (10799.58 BogoMIPS)
Jan 29 11:00:35 cu-cs-vm kernel: [    0.040928] devtmpfs: initialized
Jan 29 11:00:35 cu-cs-vm kernel: [    0.040928] x86/mm: Memory block size: 128MB
Jan 29 11:00:35 cu-cs-vm kernel: [    0.041049] evm: security.selinux
Jan 29 11:00:35 cu-cs-vm kernel: [    0.041096] evm: security.SMACK64
Jan 29 11:00:35 cu-cs-vm kernel: [    0.041125] evm: security.SMACK64EXEC
Jan 29 11:00:35 cu-cs-vm kernel: [    0.041156] evm: security.SMACK64TRANSMUTE
Jan 29 11:00:35 cu-cs-vm kernel: [    0.041189] evm: security.SMACK64MMAP
Jan 29 11:00:35 cu-cs-vm kernel: [    0.041219] evm: security.apparmor
Jan 29 11:00:35 cu-cs-vm kernel: [    0.041247] evm: security.ima
Jan 29 11:00:35 cu-cs-vm kernel: [    0.041274] evm: security.capability
Jan 29 11:00:35 cu-cs-vm kernel: [    0.041518] PM: Registering ACPI NVS region [mem 0x7feff000-0x7fefffff] (4096 bytes)
Jan 29 11:00:35 cu-cs-vm kernel: [    0.041518] clocksource: jiffies: mask: 0xffffffff max_cycles: 0xffffffff, max_idle_ns: 7645041785100000 ns
Jan 29 11:00:35 cu-cs-vm kernel: [    0.044053] futex hash table entries: 32768 (order: 9, 2097152 bytes)
Jan 29 11:00:35 cu-cs-vm kernel: [    0.053966] pinctrl core: initialized pinctrl subsystem
Jan 29 11:00:35 cu-cs-vm kernel: [    0.054306] RTC time: 18:00:17, date: 01/29/20
Jan 29 11:00:35 cu-cs-vm kernel: [    0.054923] NET: Registered protocol family 16
Jan 29 11:00:35 cu-cs-vm kernel: [    0.055031] audit: initializing netlink subsys (disabled)
Jan 29 11:00:35 cu-cs-vm kernel: [    0.055253] audit: type=2000 audit(1580320817.052:1): state=initialized audit_enabled=0 res=1
Jan 29 11:00:35 cu-cs-vm kernel: [    0.055253] cpuidle: using governor ladder
Jan 29 11:00:35 cu-cs-vm kernel: [    0.055253] cpuidle: using governor menu
Jan 29 11:00:35 cu-cs-vm kernel: [    0.055253] Simple Boot Flag at 0x36 set to 0x80
Jan 29 11:00:35 cu-cs-vm kernel: [    0.055253] ACPI: bus type PCI registered
Jan 29 11:00:35 cu-cs-vm kernel: [    0.055253] acpiphp: ACPI Hot Plug PCI Controller Driver version: 0.5
Jan 29 11:00:35 cu-cs-vm kernel: [    0.056629] PCI: MMCONFIG for domain 0000 [bus 00-7f] at [mem 0xf0000000-0xf7ffffff] (base 0xf0000000)
Jan 29 11:00:35 cu-cs-vm kernel: [    0.056699] PCI: MMCONFIG at [mem 0xf0000000-0xf7ffffff] reserved in E820
Jan 29 11:00:35 cu-cs-vm kernel: [    0.056756] PCI: Using configuration type 1 for base access
Jan 29 11:00:35 cu-cs-vm kernel: [    0.057979] HugeTLB registered 1.00 GiB page size, pre-allocated 0 pages
Jan 29 11:00:35 cu-cs-vm kernel: [    0.057979] HugeTLB registered 2.00 MiB page size, pre-allocated 0 pages
Jan 29 11:00:35 cu-cs-vm kernel: [    0.064585] ACPI: Added _OSI(Module Device)
Jan 29 11:00:35 cu-cs-vm kernel: [    0.064646] ACPI: Added _OSI(Processor Device)
Jan 29 11:00:35 cu-cs-vm kernel: [    0.064683] ACPI: Added _OSI(3.0 _SCP Extensions)
Jan 29 11:00:35 cu-cs-vm kernel: [    0.064720] ACPI: Added _OSI(Processor Aggregator Device)
Jan 29 11:00:35 cu-cs-vm kernel: [    0.064829] ACPI: Added _OSI(Linux-Dell-Video)
Jan 29 11:00:35 cu-cs-vm kernel: [    0.064872] ACPI: Added _OSI(Linux-Lenovo-NV-HDMI-Audio)
Jan 29 11:00:35 cu-cs-vm kernel: [    0.064917] ACPI: Added _OSI(Linux-HPI-Hybrid-Graphics)
Jan 29 11:00:35 cu-cs-vm kernel: [    0.072073] ACPI: [Firmware Bug]: BIOS _OSI(Linux) query ignored
Jan 29 11:00:35 cu-cs-vm kernel: [    0.101077] ACPI: Interpreter enabled
Jan 29 11:00:35 cu-cs-vm kernel: [    0.101130] ACPI: (supports S0 S1 S4 S5)
Jan 29 11:00:35 cu-cs-vm kernel: [    0.101165] ACPI: Using IOAPIC for interrupt routing
Jan 29 11:00:35 cu-cs-vm kernel: [    0.101283] PCI: Using host bridge windows from ACPI; if necessary, use "pci=nocrs" and report a bug
Jan 29 11:00:35 cu-cs-vm kernel: [    0.102327] ACPI: Enabled 4 GPEs in block 00 to 0F
Jan 29 11:00:35 cu-cs-vm kernel: [    0.215441] ACPI: PCI Root Bridge [PCI0] (domain 0000 [bus 00-7f])
Jan 29 11:00:35 cu-cs-vm kernel: [    0.215532] acpi PNP0A03:00: _OSC: OS supports [ExtendedConfig ASPM ClockPM Segments MSI]
Jan 29 11:00:35 cu-cs-vm kernel: [    0.215975] acpi PNP0A03:00: _OSC: platform does not support [AER]
Jan 29 11:00:35 cu-cs-vm kernel: [    0.216297] acpi PNP0A03:00: _OSC: OS now controls [PCIeHotplug PME PCIeCapability]
Jan 29 11:00:35 cu-cs-vm kernel: [    0.221447] PCI host bridge to bus 0000:00
Jan 29 11:00:35 cu-cs-vm kernel: [    0.221590] pci_bus 0000:00: root bus resource [mem 0x000a0000-0x000bffff window]
Jan 29 11:00:35 cu-cs-vm kernel: [    0.221675] pci_bus 0000:00: root bus resource [mem 0x000cc000-0x000cffff window]
Jan 29 11:00:35 cu-cs-vm kernel: [    0.221760] pci_bus 0000:00: root bus resource [mem 0x000d0000-0x000d3fff window]
Jan 29 11:00:35 cu-cs-vm kernel: [    0.221869] pci_bus 0000:00: root bus resource [mem 0x000d4000-0x000d7fff window]
Jan 29 11:00:35 cu-cs-vm kernel: [    0.221963] pci_bus 0000:00: root bus resource [mem 0x000d8000-0x000dbfff window]
Jan 29 11:00:35 cu-cs-vm kernel: [    0.222041] pci_bus 0000:00: root bus resource [mem 0xc0000000-0xfebfffff window]
Jan 29 11:00:35 cu-cs-vm kernel: [    0.222109] pci_bus 0000:00: root bus resource [io  0x0000-0x0cf7 window]
Jan 29 11:00:35 cu-cs-vm kernel: [    0.222167] pci_bus 0000:00: root bus resource [io  0x0d00-0xfeff window]
Jan 29 11:00:35 cu-cs-vm kernel: [    0.222227] pci_bus 0000:00: root bus resource [bus 00-7f]
Jan 29 11:00:35 cu-cs-vm kernel: [    0.222388] pci 0000:00:00.0: [8086:7190] type 00 class 0x060000
Jan 29 11:00:35 cu-cs-vm kernel: [    0.223592] pci 0000:00:01.0: [8086:7191] type 01 class 0x060400
Jan 29 11:00:35 cu-cs-vm kernel: [    0.224419] pci 0000:00:07.0: [8086:7110] type 00 class 0x060100
Jan 29 11:00:35 cu-cs-vm kernel: [    0.225604] pci 0000:00:07.1: [8086:7111] type 00 class 0x01018a
Jan 29 11:00:35 cu-cs-vm kernel: [    0.227150] pci 0000:00:07.1: reg 0x20: [io  0x1060-0x106f]
Jan 29 11:00:35 cu-cs-vm kernel: [    0.227780] pci 0000:00:07.1: legacy IDE quirk: reg 0x10: [io  0x01f0-0x01f7]
Jan 29 11:00:35 cu-cs-vm kernel: [    0.227838] pci 0000:00:07.1: legacy IDE quirk: reg 0x14: [io  0x03f6]
Jan 29 11:00:35 cu-cs-vm kernel: [    0.227885] pci 0000:00:07.1: legacy IDE quirk: reg 0x18: [io  0x0170-0x0177]
Jan 29 11:00:35 cu-cs-vm kernel: [    0.227936] pci 0000:00:07.1: legacy IDE quirk: reg 0x1c: [io  0x0376]
Jan 29 11:00:35 cu-cs-vm kernel: [    0.228321] pci 0000:00:07.3: [8086:7113] type 00 class 0x068000
Jan 29 11:00:35 cu-cs-vm kernel: [    0.230321] pci 0000:00:07.3: quirk: [io  0x1000-0x103f] claimed by PIIX4 ACPI
Jan 29 11:00:35 cu-cs-vm kernel: [    0.230398] pci 0000:00:07.3: quirk: [io  0x1040-0x104f] claimed by PIIX4 SMB
Jan 29 11:00:35 cu-cs-vm kernel: [    0.230962] pci 0000:00:07.7: [15ad:0740] type 00 class 0x088000
Jan 29 11:00:35 cu-cs-vm kernel: [    0.231650] pci 0000:00:07.7: reg 0x10: [io  0x1080-0x10bf]
Jan 29 11:00:35 cu-cs-vm kernel: [    0.232216] pci 0000:00:07.7: reg 0x14: [mem 0xfebfe000-0xfebfffff 64bit]
Jan 29 11:00:35 cu-cs-vm kernel: [    0.239569] pci 0000:00:0f.0: [15ad:0405] type 00 class 0x030000
Jan 29 11:00:35 cu-cs-vm systemd[1]: Starting Flush Journal to Persistent Storage...
Jan 29 11:00:35 cu-cs-vm kernel: [    0.240949] pci 0000:00:0f.0: reg 0x10: [io  0x1070-0x107f]
Jan 29 11:00:35 cu-cs-vm kernel: [    0.242794] pci 0000:00:0f.0: reg 0x14: [mem 0xe8000000-0xefffffff pref]
Jan 29 11:00:35 cu-cs-vm kernel: [    0.244015] pci 0000:00:0f.0: reg 0x18: [mem 0xfe000000-0xfe7fffff]
Jan 29 11:00:35 cu-cs-vm kernel: [    0.251315] pci 0000:00:0f.0: reg 0x30: [mem 0x00000000-0x00007fff pref]
Jan 29 11:00:35 cu-cs-vm kernel: [    0.252043] pci 0000:00:10.0: [1000:0030] type 00 class 0x010000
Jan 29 11:00:35 cu-cs-vm kernel: [    0.253043] pci 0000:00:10.0: reg 0x10: [io  0x1400-0x14ff]
Jan 29 11:00:35 cu-cs-vm kernel: [    0.253881] pci 0000:00:10.0: reg 0x14: [mem 0xfeba0000-0xfebbffff 64bit]
Jan 29 11:00:35 cu-cs-vm kernel: [    0.254704] pci 0000:00:10.0: reg 0x1c: [mem 0xfebc0000-0xfebdffff 64bit]
Jan 29 11:00:35 cu-cs-vm kernel: [    0.256400] pci 0000:00:10.0: reg 0x30: [mem 0x00000000-0x00003fff pref]
Jan 29 11:00:35 cu-cs-vm kernel: [    0.257008] pci 0000:00:11.0: [15ad:0790] type 01 class 0x060401
Jan 29 11:00:35 cu-cs-vm kernel: [    0.258173] pci 0000:00:15.0: [15ad:07a0] type 01 class 0x060400
Jan 29 11:00:35 cu-cs-vm kernel: [    0.259357] pci 0000:00:15.0: PME# supported from D0 D3hot D3cold
Jan 29 11:00:35 cu-cs-vm kernel: [    0.259888] pci 0000:00:15.1: [15ad:07a0] type 01 class 0x060400
Jan 29 11:00:35 cu-cs-vm kernel: [    0.261130] pci 0000:00:15.1: PME# supported from D0 D3hot D3cold
Jan 29 11:00:35 cu-cs-vm kernel: [    0.261622] pci 0000:00:15.2: [15ad:07a0] type 01 class 0x060400
Jan 29 11:00:35 cu-cs-vm kernel: [    0.262822] pci 0000:00:15.2: PME# supported from D0 D3hot D3cold
Jan 29 11:00:35 cu-cs-vm kernel: [    0.263304] pci 0000:00:15.3: [15ad:07a0] type 01 class 0x060400
Jan 29 11:00:35 cu-cs-vm kernel: [    0.264492] pci 0000:00:15.3: PME# supported from D0 D3hot D3cold
Jan 29 11:00:35 cu-cs-vm kernel: [    0.264955] pci 0000:00:15.4: [15ad:07a0] type 01 class 0x060400
Jan 29 11:00:35 cu-cs-vm kernel: [    0.266270] pci 0000:00:15.4: PME# supported from D0 D3hot D3cold
Jan 29 11:00:35 cu-cs-vm kernel: [    0.266742] pci 0000:00:15.5: [15ad:07a0] type 01 class 0x060400
Jan 29 11:00:35 cu-cs-vm kernel: [    0.267938] pci 0000:00:15.5: PME# supported from D0 D3hot D3cold
Jan 29 11:00:35 cu-cs-vm kernel: [    0.268389] pci 0000:00:15.6: [15ad:07a0] type 01 class 0x060400
Jan 29 11:00:35 cu-cs-vm systemd[1]: proc-sys-fs-binfmt_misc.automount: Got automount request for /proc/sys/fs/binfmt_misc, triggered by 385 (update-binfmts)
Jan 29 11:00:35 cu-cs-vm kernel: [    0.269574] pci 0000:00:15.6: PME# supported from D0 D3hot D3cold
Jan 29 11:00:35 cu-cs-vm kernel: [    0.270048] pci 0000:00:15.7: [15ad:07a0] type 01 class 0x060400
Jan 29 11:00:35 cu-cs-vm kernel: [    0.271244] pci 0000:00:15.7: PME# supported from D0 D3hot D3cold
Jan 29 11:00:35 cu-cs-vm kernel: [    0.271705] pci 0000:00:16.0: [15ad:07a0] type 01 class 0x060400
Jan 29 11:00:35 cu-cs-vm systemd[1]: Mounting Arbitrary Executable File Formats File System...
Jan 29 11:00:35 cu-cs-vm kernel: [    0.272934] pci 0000:00:16.0: PME# supported from D0 D3hot D3cold
Jan 29 11:00:35 cu-cs-vm kernel: [    0.273401] pci 0000:00:16.1: [15ad:07a0] type 01 class 0x060400
Jan 29 11:00:35 cu-cs-vm systemd[1]: Started udev Kernel Device Manager.
Jan 29 11:00:35 cu-cs-vm kernel: [    0.274590] pci 0000:00:16.1: PME# supported from D0 D3hot D3cold
Jan 29 11:00:35 cu-cs-vm kernel: [    0.275057] pci 0000:00:16.2: [15ad:07a0] type 01 class 0x060400
Jan 29 11:00:35 cu-cs-vm kernel: [    0.276233] pci 0000:00:16.2: PME# supported from D0 D3hot D3cold
Jan 29 11:00:35 cu-cs-vm kernel: [    0.276704] pci 0000:00:16.3: [15ad:07a0] type 01 class 0x060400
Jan 29 11:00:35 cu-cs-vm kernel: [    0.277985] pci 0000:00:16.3: PME# supported from D0 D3hot D3cold
Jan 29 11:00:35 cu-cs-vm kernel: [    0.278472] pci 0000:00:16.4: [15ad:07a0] type 01 class 0x060400
Jan 29 11:00:35 cu-cs-vm systemd[1]: Started Dispatch Password Requests to Console Directory Watch.
Jan 29 11:00:35 cu-cs-vm kernel: [    0.279702] pci 0000:00:16.4: PME# supported from D0 D3hot D3cold
Jan 29 11:00:35 cu-cs-vm kernel: [    0.280148] pci 0000:00:16.5: [15ad:07a0] type 01 class 0x060400
Jan 29 11:00:35 cu-cs-vm systemd[1]: Mounted Arbitrary Executable File Formats File System.
Jan 29 11:00:35 cu-cs-vm kernel: [    0.281339] pci 0000:00:16.5: PME# supported from D0 D3hot D3cold
Jan 29 11:00:35 cu-cs-vm kernel: [    0.281804] pci 0000:00:16.6: [15ad:07a0] type 01 class 0x060400
Jan 29 11:00:35 cu-cs-vm kernel: [    0.283036] pci 0000:00:16.6: PME# supported from D0 D3hot D3cold
Jan 29 11:00:35 cu-cs-vm kernel: [    0.283508] pci 0000:00:16.7: [15ad:07a0] type 01 class 0x060400
Jan 29 11:00:35 cu-cs-vm kernel: [    0.284697] pci 0000:00:16.7: PME# supported from D0 D3hot D3cold
Jan 29 11:00:35 cu-cs-vm kernel: [    0.285173] pci 0000:00:17.0: [15ad:07a0] type 01 class 0x060400
Jan 29 11:00:35 cu-cs-vm kernel: [    0.286414] pci 0000:00:17.0: PME# supported from D0 D3hot D3cold
Jan 29 11:00:35 cu-cs-vm kernel: [    0.286876] pci 0000:00:17.1: [15ad:07a0] type 01 class 0x060400
Jan 29 11:00:35 cu-cs-vm kernel: [    0.288068] pci 0000:00:17.1: PME# supported from D0 D3hot D3cold
Jan 29 11:00:35 cu-cs-vm systemd[1]: Started Tell Plymouth To Write Out Runtime Data.
Jan 29 11:00:35 cu-cs-vm kernel: [    0.288533] pci 0000:00:17.2: [15ad:07a0] type 01 class 0x060400
Jan 29 11:00:35 cu-cs-vm kernel: [    0.289715] pci 0000:00:17.2: PME# supported from D0 D3hot D3cold
Jan 29 11:00:35 cu-cs-vm kernel: [    0.290181] pci 0000:00:17.3: [15ad:07a0] type 01 class 0x060400
Jan 29 11:00:35 cu-cs-vm kernel: [    0.291372] pci 0000:00:17.3: PME# supported from D0 D3hot D3cold
Jan 29 11:00:35 cu-cs-vm kernel: [    0.291841] pci 0000:00:17.4: [15ad:07a0] type 01 class 0x060400
Jan 29 11:00:35 cu-cs-vm systemd[1]: Mounted VMware vmblock fuse mount.
Jan 29 11:00:35 cu-cs-vm kernel: [    0.293036] pci 0000:00:17.4: PME# supported from D0 D3hot D3cold
Jan 29 11:00:35 cu-cs-vm systemd[1]: Started Service for virtual machines hosted on VMware.
Jan 29 11:00:35 cu-cs-vm kernel: [    0.293500] pci 0000:00:17.5: [15ad:07a0] type 01 class 0x060400
Jan 29 11:00:35 cu-cs-vm kernel: [    0.294714] pci 0000:00:17.5: PME# supported from D0 D3hot D3cold
Jan 29 11:00:35 cu-cs-vm kernel: [    0.295177] pci 0000:00:17.6: [15ad:07a0] type 01 class 0x060400
Jan 29 11:00:35 cu-cs-vm kernel: [    0.296456] pci 0000:00:17.6: PME# supported from D0 D3hot D3cold
Jan 29 11:00:35 cu-cs-vm kernel: [    0.296942] pci 0000:00:17.7: [15ad:07a0] type 01 class 0x060400
Jan 29 11:00:35 cu-cs-vm kernel: [    0.298126] pci 0000:00:17.7: PME# supported from D0 D3hot D3cold
Jan 29 11:00:35 cu-cs-vm systemd[1]: Started Apply Kernel Variables.
Jan 29 11:00:35 cu-cs-vm kernel: [    0.298587] pci 0000:00:18.0: [15ad:07a0] type 01 class 0x060400
Jan 29 11:00:35 cu-cs-vm kernel: [    0.299776] pci 0000:00:18.0: PME# supported from D0 D3hot D3cold
Jan 29 11:00:35 cu-cs-vm kernel: [    0.300211] pci 0000:00:18.1: [15ad:07a0] type 01 class 0x060400
Jan 29 11:00:35 cu-cs-vm kernel: [    0.301403] pci 0000:00:18.1: PME# supported from D0 D3hot D3cold
Jan 29 11:00:35 cu-cs-vm kernel: [    0.301873] pci 0000:00:18.2: [15ad:07a0] type 01 class 0x060400
Jan 29 11:00:35 cu-cs-vm systemd[1]: Started Enable support for additional executable binary formats.
Jan 29 11:00:35 cu-cs-vm kernel: [    0.304740] pci 0000:00:18.2: PME# supported from D0 D3hot D3cold
Jan 29 11:00:35 cu-cs-vm kernel: [    0.305337] pci 0000:00:18.3: [15ad:07a0] type 01 class 0x060400
Jan 29 11:00:35 cu-cs-vm kernel: [    0.306564] pci 0000:00:18.3: PME# supported from D0 D3hot D3cold
Jan 29 11:00:35 cu-cs-vm kernel: [    0.307113] pci 0000:00:18.4: [15ad:07a0] type 01 class 0x060400
Jan 29 11:00:35 cu-cs-vm apparmor[386]:  * Starting AppArmor profiles
Jan 29 11:00:35 cu-cs-vm kernel: [    0.308280] pci 0000:00:18.4: PME# supported from D0 D3hot D3cold
Jan 29 11:00:35 cu-cs-vm kernel: [    0.308747] pci 0000:00:18.5: [15ad:07a0] type 01 class 0x060400
Jan 29 11:00:35 cu-cs-vm kernel: [    0.309923] pci 0000:00:18.5: PME# supported from D0 D3hot D3cold
Jan 29 11:00:35 cu-cs-vm kernel: [    0.310397] pci 0000:00:18.6: [15ad:07a0] type 01 class 0x060400
Jan 29 11:00:35 cu-cs-vm systemd[1]: Started Flush Journal to Persistent Storage.
Jan 29 11:00:35 cu-cs-vm systemd[1]: Starting Create Volatile Files and Directories...
Jan 29 11:00:35 cu-cs-vm systemd-tmpfiles[492]: [/usr/lib/tmpfiles.d/var.conf:14] Duplicate line for path "/var/log", ignoring.
Jan 29 11:00:35 cu-cs-vm systemd[1]: Started Create Volatile Files and Directories.
Jan 29 11:00:35 cu-cs-vm systemd[1]: Starting Update UTMP about System Boot/Shutdown...
Jan 29 11:00:35 cu-cs-vm kernel: [    0.311584] pci 0000:00:18.6: PME# supported from D0 D3hot D3cold
Jan 29 11:00:35 cu-cs-vm kernel: [    0.312070] pci 0000:00:18.7: [15ad:07a0] type 01 class 0x060400
Jan 29 11:00:35 cu-cs-vm kernel: [    0.313390] pci 0000:00:18.7: PME# supported from D0 D3hot D3cold
Jan 29 11:00:35 cu-cs-vm kernel: [    0.314893] pci 0000:00:01.0: PCI bridge to [bus 01]
Jan 29 11:00:35 cu-cs-vm kernel: [    0.316144] acpiphp: Slot [32] registered
Jan 29 11:00:35 cu-cs-vm kernel: [    0.316280] acpiphp: Slot [33] registered
Jan 29 11:00:35 cu-cs-vm kernel: [    0.316418] acpiphp: Slot [34] registered
Jan 29 11:00:35 cu-cs-vm kernel: [    0.316605] acpiphp: Slot [35] registered
Jan 29 11:00:35 cu-cs-vm kernel: [    0.316826] acpiphp: Slot [36] registered
Jan 29 11:00:35 cu-cs-vm kernel: [    0.316964] acpiphp: Slot [37] registered
Jan 29 11:00:35 cu-cs-vm kernel: [    0.317113] acpiphp: Slot [38] registered
Jan 29 11:00:35 cu-cs-vm kernel: [    0.317260] acpiphp: Slot [39] registered
Jan 29 11:00:35 cu-cs-vm kernel: [    0.317438] acpiphp: Slot [40] registered
Jan 29 11:00:35 cu-cs-vm kernel: [    0.317682] acpiphp: Slot [41] registered
Jan 29 11:00:35 cu-cs-vm kernel: [    0.318045] acpiphp: Slot [42] registered
Jan 29 11:00:35 cu-cs-vm kernel: [    0.318222] acpiphp: Slot [43] registered
Jan 29 11:00:35 cu-cs-vm kernel: [    0.318459] acpiphp: Slot [44] registered
Jan 29 11:00:35 cu-cs-vm kernel: [    0.318882] acpiphp: Slot [45] registered
Jan 29 11:00:35 cu-cs-vm kernel: [    0.319537] acpiphp: Slot [46] registered
Jan 29 11:00:35 cu-cs-vm kernel: [    0.319773] acpiphp: Slot [47] registered
Jan 29 11:00:35 cu-cs-vm kernel: [    0.320704] acpiphp: Slot [48] registered
Jan 29 11:00:35 cu-cs-vm kernel: [    0.320854] acpiphp: Slot [49] registered
Jan 29 11:00:35 cu-cs-vm kernel: [    0.320956] acpiphp: Slot [50] registered
Jan 29 11:00:35 cu-cs-vm kernel: [    0.321056] acpiphp: Slot [51] registered
Jan 29 11:00:35 cu-cs-vm kernel: [    0.321156] acpiphp: Slot [52] registered
Jan 29 11:00:35 cu-cs-vm kernel: [    0.321255] acpiphp: Slot [53] registered
Jan 29 11:00:35 cu-cs-vm kernel: [    0.321354] acpiphp: Slot [54] registered
Jan 29 11:00:35 cu-cs-vm kernel: [    0.321453] acpiphp: Slot [55] registered
Jan 29 11:00:35 cu-cs-vm kernel: [    0.321552] acpiphp: Slot [56] registered
Jan 29 11:00:35 cu-cs-vm kernel: [    0.321651] acpiphp: Slot [57] registered
Jan 29 11:00:35 cu-cs-vm kernel: [    0.321760] acpiphp: Slot [58] registered
Jan 29 11:00:35 cu-cs-vm kernel: [    0.321869] acpiphp: Slot [59] registered
Jan 29 11:00:35 cu-cs-vm kernel: [    0.322036] acpiphp: Slot [60] registered
Jan 29 11:00:35 cu-cs-vm kernel: [    0.322135] acpiphp: Slot [61] registered
Jan 29 11:00:35 cu-cs-vm kernel: [    0.322230] acpiphp: Slot [62] registered
Jan 29 11:00:35 cu-cs-vm kernel: [    0.322327] acpiphp: Slot [63] registered
Jan 29 11:00:35 cu-cs-vm kernel: [    0.322484] pci 0000:02:00.0: [15ad:0774] type 00 class 0x0c0300
Jan 29 11:00:35 cu-cs-vm kernel: [    0.324008] pci 0000:02:00.0: reg 0x20: [io  0x2040-0x205f]
Jan 29 11:00:35 cu-cs-vm kernel: [    0.325397] pci 0000:02:01.0: [8086:100f] type 00 class 0x020000
Jan 29 11:00:35 cu-cs-vm kernel: [    0.326572] pci 0000:02:01.0: reg 0x10: [mem 0xfd5c0000-0xfd5dffff 64bit]
Jan 29 11:00:35 cu-cs-vm kernel: [    0.327621] pci 0000:02:01.0: reg 0x18: [mem 0xfdff0000-0xfdffffff 64bit]
Jan 29 11:00:35 cu-cs-vm kernel: [    0.328491] pci 0000:02:01.0: reg 0x20: [io  0x2000-0x203f]
Jan 29 11:00:35 cu-cs-vm kernel: [    0.330304] pci 0000:02:01.0: reg 0x30: [mem 0x00000000-0x0000ffff pref]
Jan 29 11:00:35 cu-cs-vm kernel: [    0.331046] pci 0000:02:01.0: PME# supported from D0 D3hot D3cold
Jan 29 11:00:35 cu-cs-vm kernel: [    0.332051] pci 0000:02:02.0: [15ad:0770] type 00 class 0x0c0320
Jan 29 11:00:35 cu-cs-vm kernel: [    0.334525] pci 0000:02:02.0: reg 0x10: [mem 0xfd5ef000-0xfd5effff]
Jan 29 11:00:35 cu-cs-vm kernel: [    0.338164] pci 0000:02:04.0: [15ad:07e0] type 00 class 0x010601
Jan 29 11:00:35 cu-cs-vm kernel: [    0.340926] pci 0000:02:04.0: reg 0x24: [mem 0xfd5ee000-0xfd5eefff]
Jan 29 11:00:35 cu-cs-vm kernel: [    0.341467] pci 0000:02:04.0: reg 0x30: [mem 0x00000000-0x0000ffff pref]
Jan 29 11:00:35 cu-cs-vm kernel: [    0.342083] pci 0000:02:04.0: PME# supported from D3hot
Jan 29 11:00:35 cu-cs-vm kernel: [    0.342784] pci 0000:00:11.0: PCI bridge to [bus 02] (subtractive decode)
Jan 29 11:00:35 cu-cs-vm kernel: [    0.342877] pci 0000:00:11.0:   bridge window [io  0x2000-0x3fff]
Jan 29 11:00:35 cu-cs-vm kernel: [    0.342910] pci 0000:00:11.0:   bridge window [mem 0xfd500000-0xfdffffff]
Jan 29 11:00:35 cu-cs-vm kernel: [    0.342972] pci 0000:00:11.0:   bridge window [mem 0xe7b00000-0xe7ffffff 64bit pref]
Jan 29 11:00:35 cu-cs-vm kernel: [    0.342974] pci 0000:00:11.0:   bridge window [mem 0x000a0000-0x000bffff window] (subtractive decode)
Jan 29 11:00:35 cu-cs-vm kernel: [    0.342974] pci 0000:00:11.0:   bridge window [mem 0x000cc000-0x000cffff window] (subtractive decode)
Jan 29 11:00:35 cu-cs-vm kernel: [    0.342975] pci 0000:00:11.0:   bridge window [mem 0x000d0000-0x000d3fff window] (subtractive decode)
Jan 29 11:00:35 cu-cs-vm kernel: [    0.342976] pci 0000:00:11.0:   bridge window [mem 0x000d4000-0x000d7fff window] (subtractive decode)
Jan 29 11:00:35 cu-cs-vm kernel: [    0.342976] pci 0000:00:11.0:   bridge window [mem 0x000d8000-0x000dbfff window] (subtractive decode)
Jan 29 11:00:35 cu-cs-vm kernel: [    0.342977] pci 0000:00:11.0:   bridge window [mem 0xc0000000-0xfebfffff window] (subtractive decode)
Jan 29 11:00:35 cu-cs-vm kernel: [    0.342978] pci 0000:00:11.0:   bridge window [io  0x0000-0x0cf7 window] (subtractive decode)
Jan 29 11:00:35 cu-cs-vm kernel: [    0.342979] pci 0000:00:11.0:   bridge window [io  0x0d00-0xfeff window] (subtractive decode)
Jan 29 11:00:35 cu-cs-vm kernel: [    0.343451] pci 0000:00:15.0: PCI bridge to [bus 03]
Jan 29 11:00:35 cu-cs-vm kernel: [    0.343528] pci 0000:00:15.0:   bridge window [io  0x4000-0x4fff]
Jan 29 11:00:35 cu-cs-vm kernel: [    0.343560] pci 0000:00:15.0:   bridge window [mem 0xfd400000-0xfd4fffff]
Jan 29 11:00:35 cu-cs-vm kernel: [    0.343622] pci 0000:00:15.0:   bridge window [mem 0xe7a00000-0xe7afffff 64bit pref]
Jan 29 11:00:35 cu-cs-vm kernel: [    0.344091] pci 0000:00:15.1: PCI bridge to [bus 04]
Jan 29 11:00:35 cu-cs-vm kernel: [    0.344168] pci 0000:00:15.1:   bridge window [io  0x8000-0x8fff]
Jan 29 11:00:35 cu-cs-vm kernel: [    0.344219] pci 0000:00:15.1:   bridge window [mem 0xfd000000-0xfd0fffff]
Jan 29 11:00:35 cu-cs-vm kernel: [    0.344286] pci 0000:00:15.1:   bridge window [mem 0xe7600000-0xe76fffff 64bit pref]
Jan 29 11:00:35 cu-cs-vm kernel: [    0.344739] pci 0000:00:15.2: PCI bridge to [bus 05]
Jan 29 11:00:35 cu-cs-vm kernel: [    0.344819] pci 0000:00:15.2:   bridge window [io  0xc000-0xcfff]
Jan 29 11:00:35 cu-cs-vm kernel: [    0.344910] pci 0000:00:15.2:   bridge window [mem 0xfcc00000-0xfccfffff]
Jan 29 11:00:35 cu-cs-vm kernel: [    0.345076] pci 0000:00:15.2:   bridge window [mem 0xe7200000-0xe72fffff 64bit pref]
Jan 29 11:00:35 cu-cs-vm kernel: [    0.346739] pci 0000:00:15.3: PCI bridge to [bus 06]
Jan 29 11:00:35 cu-cs-vm kernel: [    0.346987] pci 0000:00:15.3:   bridge window [mem 0xfc800000-0xfc8fffff]
Jan 29 11:00:35 cu-cs-vm kernel: [    0.347098] pci 0000:00:15.3:   bridge window [mem 0xe6e00000-0xe6efffff 64bit pref]
Jan 29 11:00:35 cu-cs-vm kernel: [    0.348142] pci 0000:00:15.4: PCI bridge to [bus 07]
Jan 29 11:00:35 cu-cs-vm kernel: [    0.348551] pci 0000:00:15.4:   bridge window [mem 0xfc400000-0xfc4fffff]
Jan 29 11:00:35 cu-cs-vm kernel: [    0.348825] pci 0000:00:15.4:   bridge window [mem 0xe6a00000-0xe6afffff 64bit pref]
Jan 29 11:00:35 cu-cs-vm kernel: [    0.350102] pci 0000:00:15.5: PCI bridge to [bus 08]
Jan 29 11:00:35 cu-cs-vm kernel: [    0.350221] pci 0000:00:15.5:   bridge window [mem 0xfc000000-0xfc0fffff]
Jan 29 11:00:35 cu-cs-vm kernel: [    0.350285] pci 0000:00:15.5:   bridge window [mem 0xe6600000-0xe66fffff 64bit pref]
Jan 29 11:00:35 cu-cs-vm kernel: [    0.350770] pci 0000:00:15.6: PCI bridge to [bus 09]
Jan 29 11:00:35 cu-cs-vm kernel: [    0.350880] pci 0000:00:15.6:   bridge window [mem 0xfbc00000-0xfbcfffff]
Jan 29 11:00:35 cu-cs-vm kernel: [    0.350943] pci 0000:00:15.6:   bridge window [mem 0xe6200000-0xe62fffff 64bit pref]
Jan 29 11:00:35 cu-cs-vm kernel: [    0.351393] pci 0000:00:15.7: PCI bridge to [bus 0a]
Jan 29 11:00:35 cu-cs-vm kernel: [    0.351501] pci 0000:00:15.7:   bridge window [mem 0xfb800000-0xfb8fffff]
Jan 29 11:00:35 cu-cs-vm kernel: [    0.351563] pci 0000:00:15.7:   bridge window [mem 0xe5e00000-0xe5efffff 64bit pref]
Jan 29 11:00:35 cu-cs-vm kernel: [    0.352031] pci 0000:00:16.0: PCI bridge to [bus 0b]
Jan 29 11:00:35 cu-cs-vm kernel: [    0.352110] pci 0000:00:16.0:   bridge window [io  0x5000-0x5fff]
Jan 29 11:00:35 cu-cs-vm kernel: [    0.352143] pci 0000:00:16.0:   bridge window [mem 0xfd300000-0xfd3fffff]
Jan 29 11:00:35 cu-cs-vm kernel: [    0.352206] pci 0000:00:16.0:   bridge window [mem 0xe7900000-0xe79fffff 64bit pref]
Jan 29 11:00:35 cu-cs-vm kernel: [    0.352659] pci 0000:00:16.1: PCI bridge to [bus 0c]
Jan 29 11:00:35 cu-cs-vm kernel: [    0.352736] pci 0000:00:16.1:   bridge window [io  0x9000-0x9fff]
Jan 29 11:00:35 cu-cs-vm kernel: [    0.352768] pci 0000:00:16.1:   bridge window [mem 0xfcf00000-0xfcffffff]
Jan 29 11:00:35 cu-cs-vm kernel: [    0.352831] pci 0000:00:16.1:   bridge window [mem 0xe7500000-0xe75fffff 64bit pref]
Jan 29 11:00:35 cu-cs-vm kernel: [    0.353278] pci 0000:00:16.2: PCI bridge to [bus 0d]
Jan 29 11:00:35 cu-cs-vm kernel: [    0.353354] pci 0000:00:16.2:   bridge window [io  0xd000-0xdfff]
Jan 29 11:00:35 cu-cs-vm kernel: [    0.353387] pci 0000:00:16.2:   bridge window [mem 0xfcb00000-0xfcbfffff]
Jan 29 11:00:35 cu-cs-vm kernel: [    0.353448] pci 0000:00:16.2:   bridge window [mem 0xe7100000-0xe71fffff 64bit pref]
Jan 29 11:00:35 cu-cs-vm kernel: [    0.353887] pci 0000:00:16.3: PCI bridge to [bus 0e]
Jan 29 11:00:35 cu-cs-vm kernel: [    0.353993] pci 0000:00:16.3:   bridge window [mem 0xfc700000-0xfc7fffff]
Jan 29 11:00:35 cu-cs-vm kernel: [    0.354055] pci 0000:00:16.3:   bridge window [mem 0xe6d00000-0xe6dfffff 64bit pref]
Jan 29 11:00:35 cu-cs-vm kernel: [    0.354549] pci 0000:00:16.4: PCI bridge to [bus 0f]
Jan 29 11:00:35 cu-cs-vm kernel: [    0.354836] pci 0000:00:16.4:   bridge window [mem 0xfc300000-0xfc3fffff]
Jan 29 11:00:35 cu-cs-vm kernel: [    0.354945] pci 0000:00:16.4:   bridge window [mem 0xe6900000-0xe69fffff 64bit pref]
Jan 29 11:00:35 cu-cs-vm kernel: [    0.355403] pci 0000:00:16.5: PCI bridge to [bus 10]
Jan 29 11:00:35 cu-cs-vm kernel: [    0.355512] pci 0000:00:16.5:   bridge window [mem 0xfbf00000-0xfbffffff]
Jan 29 11:00:35 cu-cs-vm kernel: [    0.355575] pci 0000:00:16.5:   bridge window [mem 0xe6500000-0xe65fffff 64bit pref]
Jan 29 11:00:35 cu-cs-vm kernel: [    0.356025] pci 0000:00:16.6: PCI bridge to [bus 11]
Jan 29 11:00:35 cu-cs-vm kernel: [    0.356134] pci 0000:00:16.6:   bridge window [mem 0xfbb00000-0xfbbfffff]
Jan 29 11:00:35 cu-cs-vm kernel: [    0.356197] pci 0000:00:16.6:   bridge window [mem 0xe6100000-0xe61fffff 64bit pref]
Jan 29 11:00:35 cu-cs-vm kernel: [    0.356653] pci 0000:00:16.7: PCI bridge to [bus 12]
Jan 29 11:00:35 cu-cs-vm kernel: [    0.356760] pci 0000:00:16.7:   bridge window [mem 0xfb700000-0xfb7fffff]
Jan 29 11:00:35 cu-cs-vm kernel: [    0.356824] pci 0000:00:16.7:   bridge window [mem 0xe5d00000-0xe5dfffff 64bit pref]
Jan 29 11:00:35 cu-cs-vm kernel: [    0.357278] pci 0000:00:17.0: PCI bridge to [bus 13]
Jan 29 11:00:35 cu-cs-vm kernel: [    0.357354] pci 0000:00:17.0:   bridge window [io  0x6000-0x6fff]
Jan 29 11:00:35 cu-cs-vm kernel: [    0.357388] pci 0000:00:17.0:   bridge window [mem 0xfd200000-0xfd2fffff]
Jan 29 11:00:35 cu-cs-vm kernel: [    0.357451] pci 0000:00:17.0:   bridge window [mem 0xe7800000-0xe78fffff 64bit pref]
Jan 29 11:00:35 cu-cs-vm kernel: [    0.357901] pci 0000:00:17.1: PCI bridge to [bus 14]
Jan 29 11:00:35 cu-cs-vm kernel: [    0.357977] pci 0000:00:17.1:   bridge window [io  0xa000-0xafff]
Jan 29 11:00:35 cu-cs-vm kernel: [    0.358011] pci 0000:00:17.1:   bridge window [mem 0xfce00000-0xfcefffff]
Jan 29 11:00:35 cu-cs-vm kernel: [    0.358074] pci 0000:00:17.1:   bridge window [mem 0xe7400000-0xe74fffff 64bit pref]
Jan 29 11:00:35 cu-cs-vm kernel: [    0.358595] pci 0000:00:17.2: PCI bridge to [bus 15]
Jan 29 11:00:35 cu-cs-vm kernel: [    0.358672] pci 0000:00:17.2:   bridge window [io  0xe000-0xefff]
Jan 29 11:00:35 cu-cs-vm kernel: [    0.358705] pci 0000:00:17.2:   bridge window [mem 0xfca00000-0xfcafffff]
Jan 29 11:00:35 cu-cs-vm kernel: [    0.358768] pci 0000:00:17.2:   bridge window [mem 0xe7000000-0xe70fffff 64bit pref]
Jan 29 11:00:35 cu-cs-vm kernel: [    0.360000] pci 0000:00:17.3: PCI bridge to [bus 16]
Jan 29 11:00:35 cu-cs-vm kernel: [    0.360406] pci 0000:00:17.3:   bridge window [mem 0xfc600000-0xfc6fffff]
Jan 29 11:00:35 cu-cs-vm kernel: [    0.360883] pci 0000:00:17.3:   bridge window [mem 0xe6c00000-0xe6cfffff 64bit pref]
Jan 29 11:00:35 cu-cs-vm kernel: [    0.361583] pci 0000:00:17.4: PCI bridge to [bus 17]
Jan 29 11:00:35 cu-cs-vm kernel: [    0.361706] pci 0000:00:17.4:   bridge window [mem 0xfc200000-0xfc2fffff]
Jan 29 11:00:35 cu-cs-vm kernel: [    0.361770] pci 0000:00:17.4:   bridge window [mem 0xe6800000-0xe68fffff 64bit pref]
Jan 29 11:00:35 cu-cs-vm kernel: [    0.362248] pci 0000:00:17.5: PCI bridge to [bus 18]
Jan 29 11:00:35 cu-cs-vm kernel: [    0.362358] pci 0000:00:17.5:   bridge window [mem 0xfbe00000-0xfbefffff]
Jan 29 11:00:35 cu-cs-vm kernel: [    0.362452] pci 0000:00:17.5:   bridge window [mem 0xe6400000-0xe64fffff 64bit pref]
Jan 29 11:00:35 cu-cs-vm kernel: [    0.363291] pci 0000:00:17.6: PCI bridge to [bus 19]
Jan 29 11:00:35 cu-cs-vm kernel: [    0.363430] pci 0000:00:17.6:   bridge window [mem 0xfba00000-0xfbafffff]
Jan 29 11:00:35 cu-cs-vm kernel: [    0.363601] pci 0000:00:17.6:   bridge window [mem 0xe6000000-0xe60fffff 64bit pref]
Jan 29 11:00:35 cu-cs-vm kernel: [    0.364065] pci 0000:00:17.7: PCI bridge to [bus 1a]
Jan 29 11:00:35 cu-cs-vm kernel: [    0.364175] pci 0000:00:17.7:   bridge window [mem 0xfb600000-0xfb6fffff]
Jan 29 11:00:35 cu-cs-vm kernel: [    0.364239] pci 0000:00:17.7:   bridge window [mem 0xe5c00000-0xe5cfffff 64bit pref]
Jan 29 11:00:35 cu-cs-vm kernel: [    0.365668] pci 0000:00:18.0: PCI bridge to [bus 1b]
Jan 29 11:00:35 cu-cs-vm kernel: [    0.365998] pci 0000:00:18.0:   bridge window [io  0x7000-0x7fff]
Jan 29 11:00:35 cu-cs-vm kernel: [    0.366048] pci 0000:00:18.0:   bridge window [mem 0xfd100000-0xfd1fffff]
Jan 29 11:00:35 cu-cs-vm kernel: [    0.366124] pci 0000:00:18.0:   bridge window [mem 0xe7700000-0xe77fffff 64bit pref]
Jan 29 11:00:35 cu-cs-vm kernel: [    0.366668] pci 0000:00:18.1: PCI bridge to [bus 1c]
Jan 29 11:00:35 cu-cs-vm kernel: [    0.366748] pci 0000:00:18.1:   bridge window [io  0xb000-0xbfff]
Jan 29 11:00:35 cu-cs-vm kernel: [    0.366782] pci 0000:00:18.1:   bridge window [mem 0xfcd00000-0xfcdfffff]
Jan 29 11:00:35 cu-cs-vm kernel: [    0.366846] pci 0000:00:18.1:   bridge window [mem 0xe7300000-0xe73fffff 64bit pref]
Jan 29 11:00:35 cu-cs-vm kernel: [    0.367361] pci 0000:00:18.2: PCI bridge to [bus 1d]
Jan 29 11:00:35 cu-cs-vm kernel: [    0.367469] pci 0000:00:18.2:   bridge window [mem 0xfc900000-0xfc9fffff]
Jan 29 11:00:35 cu-cs-vm kernel: [    0.367531] pci 0000:00:18.2:   bridge window [mem 0xe6f00000-0xe6ffffff 64bit pref]
Jan 29 11:00:35 cu-cs-vm kernel: [    0.367989] pci 0000:00:18.3: PCI bridge to [bus 1e]
Jan 29 11:00:35 cu-cs-vm kernel: [    0.368075] pci 0000:00:18.3:   bridge window [mem 0xfc500000-0xfc5fffff]
Jan 29 11:00:35 cu-cs-vm kernel: [    0.368138] pci 0000:00:18.3:   bridge window [mem 0xe6b00000-0xe6bfffff 64bit pref]
Jan 29 11:00:35 cu-cs-vm kernel: [    0.368590] pci 0000:00:18.4: PCI bridge to [bus 1f]
Jan 29 11:00:35 cu-cs-vm kernel: [    0.368697] pci 0000:00:18.4:   bridge window [mem 0xfc100000-0xfc1fffff]
Jan 29 11:00:35 cu-cs-vm kernel: [    0.368760] pci 0000:00:18.4:   bridge window [mem 0xe6700000-0xe67fffff 64bit pref]
Jan 29 11:00:35 cu-cs-vm kernel: [    0.369211] pci 0000:00:18.5: PCI bridge to [bus 20]
Jan 29 11:00:35 cu-cs-vm kernel: [    0.369318] pci 0000:00:18.5:   bridge window [mem 0xfbd00000-0xfbdfffff]
Jan 29 11:00:35 cu-cs-vm kernel: [    0.369381] pci 0000:00:18.5:   bridge window [mem 0xe6300000-0xe63fffff 64bit pref]
Jan 29 11:00:35 cu-cs-vm kernel: [    0.369846] pci 0000:00:18.6: PCI bridge to [bus 21]
Jan 29 11:00:35 cu-cs-vm kernel: [    0.369953] pci 0000:00:18.6:   bridge window [mem 0xfb900000-0xfb9fffff]
Jan 29 11:00:35 cu-cs-vm kernel: [    0.370016] pci 0000:00:18.6:   bridge window [mem 0xe5f00000-0xe5ffffff 64bit pref]
Jan 29 11:00:35 cu-cs-vm kernel: [    0.370462] pci 0000:00:18.7: PCI bridge to [bus 22]
Jan 29 11:00:35 cu-cs-vm kernel: [    0.370568] pci 0000:00:18.7:   bridge window [mem 0xfb500000-0xfb5fffff]
Jan 29 11:00:35 cu-cs-vm kernel: [    0.370631] pci 0000:00:18.7:   bridge window [mem 0xe5b00000-0xe5bfffff 64bit pref]
Jan 29 11:00:35 cu-cs-vm kernel: [    0.375896] ACPI: PCI Interrupt Link [LNKA] (IRQs 3 4 5 6 7 *9 10 11 14 15)
Jan 29 11:00:35 cu-cs-vm kernel: [    0.376093] ACPI: PCI Interrupt Link [LNKB] (IRQs 3 4 5 6 7 9 10 *11 14 15)
Jan 29 11:00:35 cu-cs-vm kernel: [    0.376280] ACPI: PCI Interrupt Link [LNKC] (IRQs 3 4 5 6 7 9 *10 11 14 15)
Jan 29 11:00:35 cu-cs-vm kernel: [    0.376532] ACPI: PCI Interrupt Link [LNKD] (IRQs 3 4 5 6 *7 9 10 11 14 15)
Jan 29 11:00:35 cu-cs-vm kernel: [    0.402304] SCSI subsystem initialized
Jan 29 11:00:35 cu-cs-vm kernel: [    0.402539] libata version 3.00 loaded.
Jan 29 11:00:35 cu-cs-vm kernel: [    0.402539] pci 0000:00:0f.0: vgaarb: setting as boot VGA device
Jan 29 11:00:35 cu-cs-vm kernel: [    0.402539] pci 0000:00:0f.0: vgaarb: VGA device added: decodes=io+mem,owns=io+mem,locks=none
Jan 29 11:00:35 cu-cs-vm kernel: [    0.402539] pci 0000:00:0f.0: vgaarb: bridge control possible
Jan 29 11:00:35 cu-cs-vm kernel: [    0.402539] vgaarb: loaded
Jan 29 11:00:35 cu-cs-vm kernel: [    0.402539] ACPI: bus type USB registered
Jan 29 11:00:35 cu-cs-vm kernel: [    0.402539] usbcore: registered new interface driver usbfs
Jan 29 11:00:35 cu-cs-vm kernel: [    0.402539] usbcore: registered new interface driver hub
Jan 29 11:00:35 cu-cs-vm kernel: [    0.402539] usbcore: registered new device driver usb
Jan 29 11:00:35 cu-cs-vm kernel: [    0.402539] EDAC MC: Ver: 3.0.0
Jan 29 11:00:35 cu-cs-vm kernel: [    0.405803] PCI: Using ACPI for IRQ routing
Jan 29 11:00:35 cu-cs-vm kernel: [    0.408819] PCI: pci_cache_line_size set to 64 bytes
Jan 29 11:00:35 cu-cs-vm kernel: [    0.410223] e820: reserve RAM buffer [mem 0x0009e800-0x0009ffff]
Jan 29 11:00:35 cu-cs-vm kernel: [    0.410224] e820: reserve RAM buffer [mem 0x7fee0000-0x7fffffff]
Jan 29 11:00:35 cu-cs-vm kernel: [    0.410401] NetLabel: Initializing
Jan 29 11:00:35 cu-cs-vm kernel: [    0.410435] NetLabel:  domain hash size = 128
Jan 29 11:00:35 cu-cs-vm kernel: [    0.410469] NetLabel:  protocols = UNLABELED CIPSOv4 CALIPSO
Jan 29 11:00:35 cu-cs-vm kernel: [    0.410520] NetLabel:  unlabeled traffic allowed by default
Jan 29 11:00:35 cu-cs-vm kernel: [    0.410591] clocksource: Switched to clocksource refined-jiffies
Jan 29 11:00:35 cu-cs-vm kernel: [    0.473489] VFS: Disk quotas dquot_6.6.0
Jan 29 11:00:35 cu-cs-vm kernel: [    0.473607] VFS: Dquot-cache hash table entries: 512 (order 0, 4096 bytes)
Jan 29 11:00:35 cu-cs-vm kernel: [    0.474148] AppArmor: AppArmor Filesystem Enabled
Jan 29 11:00:35 cu-cs-vm kernel: [    0.474212] pnp: PnP ACPI init
Jan 29 11:00:35 cu-cs-vm kernel: [    0.474549] system 00:00: [io  0x1000-0x103f] has been reserved
Jan 29 11:00:35 cu-cs-vm kernel: [    0.474598] system 00:00: [io  0x1040-0x104f] has been reserved
Jan 29 11:00:35 cu-cs-vm kernel: [    0.474643] system 00:00: [io  0x0cf0-0x0cf1] has been reserved
Jan 29 11:00:35 cu-cs-vm kernel: [    0.474690] system 00:00: Plug and Play ACPI device, IDs PNP0c02 (active)
Jan 29 11:00:35 cu-cs-vm kernel: [    0.474717] pnp 00:01: Plug and Play ACPI device, IDs PNP0b00 (active)
Jan 29 11:00:35 cu-cs-vm kernel: [    0.474733] pnp 00:02: Plug and Play ACPI device, IDs PNP0303 (active)
Jan 29 11:00:35 cu-cs-vm kernel: [    0.474789] pnp 00:03: Plug and Play ACPI device, IDs VMW0003 PNP0f13 (active)
Jan 29 11:00:35 cu-cs-vm kernel: [    0.477755] system 00:04: [io  0xfce0-0xfcff] has been reserved
Jan 29 11:00:35 cu-cs-vm kernel: [    0.477806] system 00:04: [mem 0xf0000000-0xf7ffffff] has been reserved
Jan 29 11:00:35 cu-cs-vm kernel: [    0.477854] system 00:04: [mem 0xfe800000-0xfe9fffff] has been reserved
Jan 29 11:00:35 cu-cs-vm kernel: [    0.477904] system 00:04: Plug and Play ACPI device, IDs PNP0c02 (active)
Jan 29 11:00:35 cu-cs-vm kernel: [    0.485860] pnp: PnP ACPI: found 5 devices
Jan 29 11:00:35 cu-cs-vm kernel: [    0.504040] clocksource: acpi_pm: mask: 0xffffff max_cycles: 0xffffff, max_idle_ns: 2085701024 ns
Jan 29 11:00:35 cu-cs-vm kernel: [    0.504191] clocksource: Switched to clocksource acpi_pm
Jan 29 11:00:35 cu-cs-vm kernel: [    0.504752] pci 0000:00:15.3: bridge window [io  0x1000-0x0fff] to [bus 06] add_size 1000
Jan 29 11:00:35 cu-cs-vm kernel: [    0.504847] pci 0000:00:15.4: bridge window [io  0x1000-0x0fff] to [bus 07] add_size 1000
Jan 29 11:00:35 cu-cs-vm kernel: [    0.504942] pci 0000:00:15.5: bridge window [io  0x1000-0x0fff] to [bus 08] add_size 1000
Jan 29 11:00:35 cu-cs-vm kernel: [    0.505037] pci 0000:00:15.6: bridge window [io  0x1000-0x0fff] to [bus 09] add_size 1000
Jan 29 11:00:35 cu-cs-vm kernel: [    0.505131] pci 0000:00:15.7: bridge window [io  0x1000-0x0fff] to [bus 0a] add_size 1000
Jan 29 11:00:35 cu-cs-vm kernel: [    0.505500] pci 0000:00:16.3: bridge window [io  0x1000-0x0fff] to [bus 0e] add_size 1000
Jan 29 11:00:35 cu-cs-vm kernel: [    0.505594] pci 0000:00:16.4: bridge window [io  0x1000-0x0fff] to [bus 0f] add_size 1000
Jan 29 11:00:35 cu-cs-vm kernel: [    0.505689] pci 0000:00:16.5: bridge window [io  0x1000-0x0fff] to [bus 10] add_size 1000
Jan 29 11:00:35 cu-cs-vm kernel: [    0.505782] pci 0000:00:16.6: bridge window [io  0x1000-0x0fff] to [bus 11] add_size 1000
Jan 29 11:00:35 cu-cs-vm kernel: [    0.505877] pci 0000:00:16.7: bridge window [io  0x1000-0x0fff] to [bus 12] add_size 1000
Jan 29 11:00:35 cu-cs-vm kernel: [    0.506246] pci 0000:00:17.3: bridge window [io  0x1000-0x0fff] to [bus 16] add_size 1000
Jan 29 11:00:35 cu-cs-vm kernel: [    0.506340] pci 0000:00:17.4: bridge window [io  0x1000-0x0fff] to [bus 17] add_size 1000
Jan 29 11:00:35 cu-cs-vm kernel: [    0.506434] pci 0000:00:17.5: bridge window [io  0x1000-0x0fff] to [bus 18] add_size 1000
Jan 29 11:00:35 cu-cs-vm kernel: [    0.506528] pci 0000:00:17.6: bridge window [io  0x1000-0x0fff] to [bus 19] add_size 1000
Jan 29 11:00:35 cu-cs-vm kernel: [    0.506634] pci 0000:00:17.7: bridge window [io  0x1000-0x0fff] to [bus 1a] add_size 1000
Jan 29 11:00:35 cu-cs-vm kernel: [    0.506937] pci 0000:00:18.2: bridge window [io  0x1000-0x0fff] to [bus 1d] add_size 1000
Jan 29 11:00:35 cu-cs-vm kernel: [    0.507032] pci 0000:00:18.3: bridge window [io  0x1000-0x0fff] to [bus 1e] add_size 1000
Jan 29 11:00:35 cu-cs-vm kernel: [    0.507126] pci 0000:00:18.4: bridge window [io  0x1000-0x0fff] to [bus 1f] add_size 1000
Jan 29 11:00:35 cu-cs-vm kernel: [    0.507221] pci 0000:00:18.5: bridge window [io  0x1000-0x0fff] to [bus 20] add_size 1000
Jan 29 11:00:35 cu-cs-vm kernel: [    0.507316] pci 0000:00:18.6: bridge window [io  0x1000-0x0fff] to [bus 21] add_size 1000
Jan 29 11:00:35 cu-cs-vm kernel: [    0.507410] pci 0000:00:18.7: bridge window [io  0x1000-0x0fff] to [bus 22] add_size 1000
Jan 29 11:00:35 cu-cs-vm kernel: [    0.507466] pci 0000:00:0f.0: BAR 6: assigned [mem 0xc0000000-0xc0007fff pref]
Jan 29 11:00:35 cu-cs-vm kernel: [    0.507524] pci 0000:00:10.0: BAR 6: assigned [mem 0xc0008000-0xc000bfff pref]
Jan 29 11:00:35 cu-cs-vm kernel: [    0.507579] pci 0000:00:15.3: BAR 13: no space for [io  size 0x1000]
Jan 29 11:00:35 cu-cs-vm kernel: [    0.507625] pci 0000:00:15.3: BAR 13: failed to assign [io  size 0x1000]
Jan 29 11:00:35 cu-cs-vm kernel: [    0.507674] pci 0000:00:15.4: BAR 13: no space for [io  size 0x1000]
Jan 29 11:00:35 cu-cs-vm kernel: [    0.507719] pci 0000:00:15.4: BAR 13: failed to assign [io  size 0x1000]
Jan 29 11:00:35 cu-cs-vm kernel: [    0.507767] pci 0000:00:15.5: BAR 13: no space for [io  size 0x1000]
Jan 29 11:00:35 cu-cs-vm kernel: [    0.507813] pci 0000:00:15.5: BAR 13: failed to assign [io  size 0x1000]
Jan 29 11:00:35 cu-cs-vm kernel: [    0.507861] pci 0000:00:15.6: BAR 13: no space for [io  size 0x1000]
Jan 29 11:00:35 cu-cs-vm kernel: [    0.507906] pci 0000:00:15.6: BAR 13: failed to assign [io  size 0x1000]
Jan 29 11:00:35 cu-cs-vm kernel: [    0.507954] pci 0000:00:15.7: BAR 13: no space for [io  size 0x1000]
Jan 29 11:00:35 cu-cs-vm kernel: [    0.508002] pci 0000:00:15.7: BAR 13: failed to assign [io  size 0x1000]
Jan 29 11:00:35 cu-cs-vm kernel: [    0.508002] pci 0000:00:16.3: BAR 13: no space for [io  size 0x1000]
Jan 29 11:00:35 cu-cs-vm kernel: [    0.508002] pci 0000:00:16.3: BAR 13: failed to assign [io  size 0x1000]
Jan 29 11:00:35 cu-cs-vm kernel: [    0.508002] pci 0000:00:16.4: BAR 13: no space for [io  size 0x1000]
Jan 29 11:00:35 cu-cs-vm kernel: [    0.508040] pci 0000:00:16.4: BAR 13: failed to assign [io  size 0x1000]
Jan 29 11:00:35 cu-cs-vm kernel: [    0.508089] pci 0000:00:16.5: BAR 13: no space for [io  size 0x1000]
Jan 29 11:00:35 cu-cs-vm kernel: [    0.508134] pci 0000:00:16.5: BAR 13: failed to assign [io  size 0x1000]
Jan 29 11:00:35 cu-cs-vm kernel: [    0.508183] pci 0000:00:16.6: BAR 13: no space for [io  size 0x1000]
Jan 29 11:00:35 cu-cs-vm kernel: [    0.508228] pci 0000:00:16.6: BAR 13: failed to assign [io  size 0x1000]
Jan 29 11:00:35 cu-cs-vm kernel: [    0.508276] pci 0000:00:16.7: BAR 13: no space for [io  size 0x1000]
Jan 29 11:00:35 cu-cs-vm kernel: [    0.508322] pci 0000:00:16.7: BAR 13: failed to assign [io  size 0x1000]
Jan 29 11:00:35 cu-cs-vm kernel: [    0.508370] pci 0000:00:17.3: BAR 13: no space for [io  size 0x1000]
